<!DOCTYPE HTML PUBLIC "-//W3C//DTD HTML 4.01 Transitional//EN">
<HTML>
 <HEAD>
   <TITLE> [X2Go-User] TC Display Resolution
   </TITLE>
   <LINK REL="Index" HREF="http://lists.berlios.de/pipermail/x2go-user/2012-July/index.html" >
   <LINK REL="made" HREF="mailto:x2go-user%40lists.berlios.de?Subject=Re%3A%20%5BX2Go-User%5D%20TC%20Display%20Resolution&In-Reply-To=%3C201207031615.26605.stephan.wagner%40itos-gmbh.com%3E">
   <META NAME="robots" CONTENT="index,nofollow">
   <style type="text/css">
       pre {
           white-space: pre-wrap;       /* css-2.1, curent FF, Opera, Safari */
           }
   </style>
   <META http-equiv="Content-Type" content="text/html; charset=us-ascii">
   <LINK REL="Previous"  HREF="000909.html">
   <LINK REL="Next"  HREF="000912.html">
 </HEAD>
 <BODY BGCOLOR="#ffffff">
   <H1>[X2Go-User] TC Display Resolution</H1>
    <B>Stephan Wagner</B> 
    <A HREF="mailto:x2go-user%40lists.berlios.de?Subject=Re%3A%20%5BX2Go-User%5D%20TC%20Display%20Resolution&In-Reply-To=%3C201207031615.26605.stephan.wagner%40itos-gmbh.com%3E"
       TITLE="[X2Go-User] TC Display Resolution">stephan.wagner at itos-gmbh.com
       </A><BR>
    <I>Tue Jul  3 16:15:26 CEST 2012</I>
    <P><UL>
        <LI>Previous message: <A HREF="000909.html">[X2Go-User] New X2Go releases: pyhoca-gui, python-x2go,	x2gognomebindings
</A></li>
        <LI>Next message: <A HREF="000912.html">[X2Go-User] TC Display Resolution
</A></li>
         <LI> <B>Messages sorted by:</B> 
              <a href="date.html#911">[ date ]</a>
              <a href="thread.html#911">[ thread ]</a>
              <a href="subject.html#911">[ subject ]</a>
              <a href="author.html#911">[ author ]</a>
         </LI>
       </UL>
    <HR>  
<!--beginarticle-->
<PRE>Hallo X2Go users,

We are running X2Go in a TCE environment on debian squeeze. Three types of 
thin clients are in use:

1) Shuttle X27D, Atom 330, Intel 945GC ICH7 chipset, Intel GMA950
2) Shuttle XS35V2, Atom 525, Intel NM10 Express chipset, Intel GMA3150
3) Shuttle XS36V, Atom D2700, Intel NM10 Express chipset Intel GMA3650

With the standard kernel 2.6.32-686, we didn't manage to run higher 
resolutions than 1280x1024 on all of them, neither on the greeting screen nor 
on the Gnome desktop (Ubuntu 10.04). I embedded kernel 3.2.0 in the boot 
environment. With it, the Shuttle X27D works fine with a resolution up to 
1920x1080, but the preferred fanless XS35V2 and XS36V boxes still do not work 
with higher resolutions than 1280x1024.

You will find further informations in the attachment, The two graphics GMA950 
and GMA3650 are considered. Log's from GMA3150 look similar to the GMA3650 
ones. The error message &quot;(EE) open /dev/fb0: No such file or directory&quot; in the 
file &quot;Xorg.0.log-GMA3650&quot; is obvious, also I don't understand way it happened.

Does someone have a hint how to change the configuration, so that the nice 
fanless boxes will work in higher display resolutions too, up to 1920x1080?

Tanks, Stephan

-- 
__________________________________________________
Dr. Stephan Wagner
ITos GmbH
Bitzi 2555
9642 Ebnat-Kappel
Tel: +41 (0)71 990 05 94
mailto:<A HREF="https://lists.berlios.de/mailman/listinfo/x2go-user">swagner at itos-gmbh.com</A>
<A HREF="http://www.itos-gmbh.com">http://www.itos-gmbh.com</A>
--------------------------------------------------
-------------- next part --------------
[    0.000000] Initializing cgroup subsys cpuset
[    0.000000] Initializing cgroup subsys cpu
[    0.000000] Linux version 3.2.0-0.bpo.2-686-pae (Debian 3.2.20-1~bpo60+1) (<A HREF="https://lists.berlios.de/mailman/listinfo/x2go-user">debian-kernel at lists.debian.org</A>) (gcc version 4.4.5 (Debian 4.4.5-8) ) #1 SMP Sat Jun 30 08:29:17 UTC 2012
[    0.000000] Atom PSE erratum detected, BIOS microcode update recommended
[    0.000000] BIOS-provided physical RAM map:
[    0.000000]  BIOS-e820: 0000000000000000 - 000000000009f400 (usable)
[    0.000000]  BIOS-e820: 000000000009f400 - 00000000000a0000 (reserved)
[    0.000000]  BIOS-e820: 00000000000f0000 - 0000000000100000 (reserved)
[    0.000000]  BIOS-e820: 0000000000100000 - 000000007f6e0000 (usable)
[    0.000000]  BIOS-e820: 000000007f6e0000 - 000000007f6e3000 (ACPI NVS)
[    0.000000]  BIOS-e820: 000000007f6e3000 - 000000007f6f0000 (ACPI data)
[    0.000000]  BIOS-e820: 000000007f6f0000 - 000000007f700000 (reserved)
[    0.000000]  BIOS-e820: 00000000e0000000 - 00000000f0000000 (reserved)
[    0.000000]  BIOS-e820: 00000000fec00000 - 0000000100000000 (reserved)
[    0.000000] NX (Execute Disable) protection: active
[    0.000000] DMI 2.5 present.
[    0.000000] DMI: Shuttle Inc SFM27/SFM27, BIOS 6.00 PG 10/03/2008
[    0.000000] e820 update range: 0000000000000000 - 0000000000010000 (usable) ==&gt; (reserved)
[    0.000000] e820 remove range: 00000000000a0000 - 0000000000100000 (usable)
[    0.000000] last_pfn = 0x7f6e0 max_arch_pfn = 0x1000000
[    0.000000] MTRR default type: uncachable
[    0.000000] MTRR fixed ranges enabled:
[    0.000000]   00000-9FFFF write-back
[    0.000000]   A0000-EFFFF uncachable
[    0.000000]   F0000-FFFFF write-through
[    0.000000] MTRR variable ranges enabled:
[    0.000000]   0 base 000000000 mask 080000000 write-back
[    0.000000]   1 base 07F800000 mask 0FF800000 uncachable
[    0.000000]   2 base 07F700000 mask 0FFF00000 uncachable
[    0.000000]   3 disabled
[    0.000000]   4 disabled
[    0.000000]   5 disabled
[    0.000000]   6 disabled
[    0.000000]   7 disabled
[    0.000000] x86 PAT enabled: cpu 0, old 0x7040600070406, new 0x7010600070106
[    0.000000] found SMP MP-table at [c00f4f30] f4f30
[    0.000000] initial memory mapped : 0 - 01a00000
[    0.000000] Base memory trampoline at [c0099000] 99000 size 16384
[    0.000000] init_memory_mapping: 0000000000000000-00000000379fe000
[    0.000000]  0000000000 - 00379fe000 page 4k
[    0.000000] kernel direct mapping tables up to 379fe000 @ 183f000-1a00000
[    0.000000] RAMDISK: 7ed48000 - 7f6bf000
[    0.000000] Allocated new RAMDISK: 37087000 - 379fd0ad
[    0.000000] Move RAMDISK from 000000007ed48000 - 000000007f6be0ac to 37087000 - 379fd0ac
[    0.000000] ACPI: RSDP 000f9280 00014 (v00 Shuttl)
[    0.000000] ACPI: RSDT 7f6e3000 00034 (v01 Shuttl Shuttle  42302E31 AWRD 00000000)
[    0.000000] ACPI: FACP 7f6e3080 00074 (v01 Shuttl Shuttle  42302E31 AWRD 00000000)
[    0.000000] ACPI: DSDT 7f6e3100 0396B (v01 SHUTTL SFM27V20 00001000 MSFT 03000000)
[    0.000000] ACPI: FACS 7f6e0000 00040
[    0.000000] ACPI: MCFG 7f6e6b40 0003C (v01 Shuttl Shuttle  42302E31 AWRD 00000000)
[    0.000000] ACPI: SLIC 7f6e6b80 00176 (v01 Shuttl Shuttle  42302E31 AWRD 00000000)
[    0.000000] ACPI: APIC 7f6e6a80 00084 (v01 Shuttl Shuttle  42302E31 AWRD 00000000)
[    0.000000] ACPI: Local APIC address 0xfee00000
[    0.000000] 1148MB HIGHMEM available.
[    0.000000] 889MB LOWMEM available.
[    0.000000]   mapped low ram: 0 - 379fe000
[    0.000000]   low ram: 0 - 379fe000
[    0.000000] Zone PFN ranges:
[    0.000000]   DMA      0x00000010 -&gt; 0x00001000
[    0.000000]   Normal   0x00001000 -&gt; 0x000379fe
[    0.000000]   HighMem  0x000379fe -&gt; 0x0007f6e0
[    0.000000] Movable zone start PFN for each node
[    0.000000] early_node_map[2] active PFN ranges
[    0.000000]     0: 0x00000010 -&gt; 0x0000009f
[    0.000000]     0: 0x00000100 -&gt; 0x0007f6e0
[    0.000000] On node 0 totalpages: 521839
[    0.000000] free_area_init_node: node 0, pgdat c1420040, node_mem_map f6096200
[    0.000000]   DMA zone: 32 pages used for memmap
[    0.000000]   DMA zone: 0 pages reserved
[    0.000000]   DMA zone: 3951 pages, LIFO batch:0
[    0.000000]   Normal zone: 1748 pages used for memmap
[    0.000000]   Normal zone: 221994 pages, LIFO batch:31
[    0.000000]   HighMem zone: 2298 pages used for memmap
[    0.000000]   HighMem zone: 291816 pages, LIFO batch:31
[    0.000000] Using APIC driver default
[    0.000000] ACPI: PM-Timer IO Port: 0x408
[    0.000000] ACPI: Local APIC address 0xfee00000
[    0.000000] ACPI: LAPIC (acpi_id[0x00] lapic_id[0x00] enabled)
[    0.000000] ACPI: LAPIC (acpi_id[0x01] lapic_id[0x02] enabled)
[    0.000000] ACPI: LAPIC (acpi_id[0x02] lapic_id[0x03] enabled)
[    0.000000] ACPI: LAPIC (acpi_id[0x03] lapic_id[0x01] enabled)
[    0.000000] ACPI: LAPIC_NMI (acpi_id[0x00] high edge lint[0x1])
[    0.000000] ACPI: LAPIC_NMI (acpi_id[0x01] high edge lint[0x1])
[    0.000000] ACPI: LAPIC_NMI (acpi_id[0x02] high edge lint[0x1])
[    0.000000] ACPI: LAPIC_NMI (acpi_id[0x03] high edge lint[0x1])
[    0.000000] ACPI: IOAPIC (id[0x04] address[0xfec00000] gsi_base[0])
[    0.000000] IOAPIC[0]: apic_id 4, version 32, address 0xfec00000, GSI 0-23
[    0.000000] ACPI: INT_SRC_OVR (bus 0 bus_irq 0 global_irq 2 dfl dfl)
[    0.000000] ACPI: INT_SRC_OVR (bus 0 bus_irq 9 global_irq 9 high level)
[    0.000000] ACPI: IRQ0 used by override.
[    0.000000] ACPI: IRQ2 used by override.
[    0.000000] ACPI: IRQ9 used by override.
[    0.000000] Using ACPI (MADT) for SMP configuration information
[    0.000000] SMP: Allowing 4 CPUs, 0 hotplug CPUs
[    0.000000] nr_irqs_gsi: 40
[    0.000000] PM: Registered nosave memory: 000000000009f000 - 00000000000a0000
[    0.000000] PM: Registered nosave memory: 00000000000a0000 - 00000000000f0000
[    0.000000] PM: Registered nosave memory: 00000000000f0000 - 0000000000100000
[    0.000000] Allocating PCI resources starting at 7f700000 (gap: 7f700000:60900000)
[    0.000000] Booting paravirtualized kernel on bare hardware
[    0.000000] setup_percpu: NR_CPUS:32 nr_cpumask_bits:32 nr_cpu_ids:4 nr_node_ids:1
[    0.000000] PERCPU: Embedded 14 pages/cpu @f6052000 s33088 r0 d24256 u57344
[    0.000000] pcpu-alloc: s33088 r0 d24256 u57344 alloc=14*4096
[    0.000000] pcpu-alloc: [0] 0 [0] 1 [0] 2 [0] 3 
[    0.000000] Built 1 zonelists in Zone order, mobility grouping on.  Total pages: 517761
[    0.000000] Kernel command line: initrd=initrd.img nfsroot=/opt/x2gothinclient/chroot boot=nfs ro quiet  BOOT_IMAGE=vmlinuz 
[    0.000000] PID hash table entries: 4096 (order: 2, 16384 bytes)
[    0.000000] Dentry cache hash table entries: 131072 (order: 7, 524288 bytes)
[    0.000000] Inode-cache hash table entries: 65536 (order: 6, 262144 bytes)
[    0.000000] Initializing CPU#0
[    0.000000] Initializing HighMem for node 0 (000379fe:0007f6e0)
[    0.000000] Memory: 2053224k/2087808k available (2930k kernel code, 34132k reserved, 1324k data, 440k init, 1176456k highmem)
[    0.000000] virtual kernel memory layout:
[    0.000000]     fixmap  : 0xffd36000 - 0xfffff000   (2852 kB)
[    0.000000]     pkmap   : 0xffa00000 - 0xffc00000   (2048 kB)
[    0.000000]     vmalloc : 0xf81fe000 - 0xff9fe000   ( 120 MB)
[    0.000000]     lowmem  : 0xc0000000 - 0xf79fe000   ( 889 MB)
[    0.000000]       .init : 0xc1428000 - 0xc1496000   ( 440 kB)
[    0.000000]       .data : 0xc12dc86d - 0xc1427900   (1324 kB)
[    0.000000]       .text : 0xc1000000 - 0xc12dc86d   (2930 kB)
[    0.000000] Checking if this processor honours the WP bit even in supervisor mode...Ok.
[    0.000000] Hierarchical RCU implementation.
[    0.000000] 	RCU dyntick-idle grace-period acceleration is enabled.
[    0.000000] NR_IRQS:2304 nr_irqs:712 16
[    0.000000] CPU 0 irqstacks, hard=f5806000 soft=f5808000
[    0.000000] Console: colour VGA+ 80x25
[    0.000000] console [tty0] enabled
[    0.000000] Fast TSC calibration using PIT
[    0.000000] Detected 1596.027 MHz processor.
[    0.008006] Calibrating delay loop (skipped), value calculated using timer frequency.. 3192.05 BogoMIPS (lpj=6384108)
[    0.008016] pid_max: default: 32768 minimum: 301
[    0.008110] Security Framework initialized
[    0.008120] AppArmor: AppArmor disabled by boot time parameter
[    0.008157] Mount-cache hash table entries: 512
[    0.008392] Initializing cgroup subsys cpuacct
[    0.008404] Initializing cgroup subsys memory
[    0.008421] Initializing cgroup subsys devices
[    0.008426] Initializing cgroup subsys freezer
[    0.008432] Initializing cgroup subsys net_cls
[    0.008437] Initializing cgroup subsys blkio
[    0.008450] Initializing cgroup subsys perf_event
[    0.008499] Atom PSE erratum detected, BIOS microcode update recommended
[    0.008508] CPU: Physical Processor ID: 0
[    0.008512] CPU: Processor Core ID: 0
[    0.008518] mce: CPU supports 5 MCE banks
[    0.008532] CPU0: Thermal monitoring enabled (TM1)
[    0.008538] using mwait in idle threads.
[    0.012872] ACPI: Core revision 20110623
[    0.019965] Enabling APIC mode:  Flat.  Using 1 I/O APICs
[    0.020396] ..TIMER: vector=0x30 apic1=0 pin1=2 apic2=-1 pin2=-1
[    0.060093] CPU0: Intel(R) Atom(TM) CPU  330   @ 1.60GHz stepping 02
[    0.064003] Performance Events: PEBS fmt0+, Atom events, Intel PMU driver.
[    0.064003] ... version:                3
[    0.064003] ... bit width:              40
[    0.064003] ... generic registers:      2
[    0.064003] ... value mask:             000000ffffffffff
[    0.064003] ... max period:             000000007fffffff
[    0.064003] ... fixed-purpose events:   3
[    0.064003] ... event mask:             0000000700000003
[    0.064003] NMI watchdog enabled, takes one hw-pmu counter.
[    0.064003] CPU 1 irqstacks, hard=f58d4000 soft=f58d6000
[    0.064003] Booting Node   0, Processors  #1
[    0.064003] smpboot cpu 1: start_ip = 99000
[    0.012000] Initializing CPU#1
[    0.012000] Atom PSE erratum detected, BIOS microcode update recommended
[    0.156069] NMI watchdog enabled, takes one hw-pmu counter.
[    0.156335] CPU 2 irqstacks, hard=f58e6000 soft=f58e8000
[    0.156340]  #2
[    0.156344] smpboot cpu 2: start_ip = 99000
[    0.012000] Initializing CPU#2
[    0.012000] Atom PSE erratum detected, BIOS microcode update recommended
[    0.248058] NMI watchdog enabled, takes one hw-pmu counter.
[    0.248320] CPU 3 irqstacks, hard=f5916000 soft=f5918000
[    0.248326]  #3 Ok.
[    0.248330] smpboot cpu 3: start_ip = 99000
[    0.012000] Initializing CPU#3
[    0.012000] Atom PSE erratum detected, BIOS microcode update recommended
[    0.340084] NMI watchdog enabled, takes one hw-pmu counter.
[    0.340159] Brought up 4 CPUs
[    0.340167] Total of 4 processors activated (12768.54 BogoMIPS).
[    0.342678] devtmpfs: initialized
[    0.342678] PM: Registering ACPI NVS region at 7f6e0000 (12288 bytes)
[    0.342678] print_constraints: dummy: 
[    0.344123] NET: Registered protocol family 16
[    0.344401] ACPI: bus type pci registered
[    0.344563] PCI: MMCONFIG for domain 0000 [bus 00-ff] at [mem 0xe0000000-0xefffffff] (base 0xe0000000)
[    0.344570] PCI: Intel Corporation 945G/GZ/P/PL Express Memory Controller Hub with MMCONFIG support
[    0.344580] PCI: MMCONFIG at [mem 0xe0000000-0xefffffff] reserved in E820
[    0.344585] PCI: Using MMCONFIG for extended config space
[    0.344589] PCI: Using configuration type 1 for base access
[    0.346079] bio: create slab &lt;bio-0&gt; at 0
[    0.346079] ACPI: Added _OSI(Module Device)
[    0.346079] ACPI: Added _OSI(Processor Device)
[    0.346079] ACPI: Added _OSI(3.0 _SCP Extensions)
[    0.346079] ACPI: Added _OSI(Processor Aggregator Device)
[    0.346079] ACPI: EC: Look up EC in DSDT
[    0.354751] ACPI: Interpreter enabled
[    0.354766] ACPI: (supports S0 S3 S4 S5)
[    0.354814] ACPI: Using IOAPIC for interrupt routing
[    0.363907] ACPI: No dock devices found.
[    0.363914] HEST: Table not found.
[    0.363925] PCI: Using host bridge windows from ACPI; if necessary, use &quot;pci=nocrs&quot; and report a bug
[    0.364096] ACPI: PCI Root Bridge [PCI0] (domain 0000 [bus 00-ff])
[    0.364420] pci_root PNP0A08:00: host bridge window [io  0x0000-0x0cf7]
[    0.364429] pci_root PNP0A08:00: host bridge window [io  0x0d00-0xffff]
[    0.364436] pci_root PNP0A08:00: host bridge window [mem 0x000a0000-0x000bffff]
[    0.364443] pci_root PNP0A08:00: host bridge window [mem 0x000c0000-0x000dffff]
[    0.364450] pci_root PNP0A08:00: host bridge window [mem 0x7f700000-0xfebfffff]
[    0.364484] pci 0000:00:00.0: [8086:2770] type 0 class 0x000600
[    0.364557] pci 0000:00:02.0: [8086:2772] type 0 class 0x000300
[    0.364575] pci 0000:00:02.0: reg 10: [mem 0xfdf00000-0xfdf7ffff]
[    0.364587] pci 0000:00:02.0: reg 14: [io  0xff00-0xff07]
[    0.364599] pci 0000:00:02.0: reg 18: [mem 0xd0000000-0xdfffffff pref]
[    0.364610] pci 0000:00:02.0: reg 1c: [mem 0xfdf80000-0xfdfbffff]
[    0.364706] pci 0000:00:1b.0: [8086:27d8] type 0 class 0x000403
[    0.364729] pci 0000:00:1b.0: reg 10: [mem 0xfdff8000-0xfdffbfff 64bit]
[    0.364814] pci 0000:00:1b.0: PME# supported from D0 D3hot D3cold
[    0.364822] pci 0000:00:1b.0: PME# disabled
[    0.364858] pci 0000:00:1c.0: [8086:27d0] type 1 class 0x000604
[    0.364945] pci 0000:00:1c.0: PME# supported from D0 D3hot D3cold
[    0.364953] pci 0000:00:1c.0: PME# disabled
[    0.364994] pci 0000:00:1d.0: [8086:27c8] type 0 class 0x000c03
[    0.365044] pci 0000:00:1d.0: reg 20: [io  0xfe00-0xfe1f]
[    0.365090] pci 0000:00:1d.1: [8086:27c9] type 0 class 0x000c03
[    0.365140] pci 0000:00:1d.1: reg 20: [io  0xfd00-0xfd1f]
[    0.365187] pci 0000:00:1d.2: [8086:27ca] type 0 class 0x000c03
[    0.365237] pci 0000:00:1d.2: reg 20: [io  0xfc00-0xfc1f]
[    0.365284] pci 0000:00:1d.3: [8086:27cb] type 0 class 0x000c03
[    0.365334] pci 0000:00:1d.3: reg 20: [io  0xfb00-0xfb1f]
[    0.365391] pci 0000:00:1d.7: [8086:27cc] type 0 class 0x000c03
[    0.365417] pci 0000:00:1d.7: reg 10: [mem 0xfdfff000-0xfdfff3ff]
[    0.365515] pci 0000:00:1d.7: PME# supported from D0 D3hot D3cold
[    0.365523] pci 0000:00:1d.7: PME# disabled
[    0.365551] pci 0000:00:1e.0: [8086:244e] type 1 class 0x000604
[    0.365636] pci 0000:00:1f.0: [8086:27b8] type 0 class 0x000601
[    0.365743] pci 0000:00:1f.0: Force enabled HPET at 0xfed00000
[    0.365759] pci 0000:00:1f.0: ICH7 LPC Generic IO decode 1 PIO at 0800 (mask 003f)
[    0.365767] pci 0000:00:1f.0: ICH7 LPC Generic IO decode 2 PIO at 0290 (mask 001f)
[    0.365825] pci 0000:00:1f.1: [8086:27df] type 0 class 0x000101
[    0.365844] pci 0000:00:1f.1: reg 10: [io  0x0000-0x0007]
[    0.365859] pci 0000:00:1f.1: reg 14: [io  0x0000-0x0003]
[    0.365873] pci 0000:00:1f.1: reg 18: [io  0x0000-0x0007]
[    0.365887] pci 0000:00:1f.1: reg 1c: [io  0x0000-0x0003]
[    0.365902] pci 0000:00:1f.1: reg 20: [io  0xfa00-0xfa0f]
[    0.365955] pci 0000:00:1f.2: [8086:27c0] type 0 class 0x000101
[    0.365975] pci 0000:00:1f.2: reg 10: [io  0xf900-0xf907]
[    0.365988] pci 0000:00:1f.2: reg 14: [io  0xf800-0xf803]
[    0.366002] pci 0000:00:1f.2: reg 18: [io  0xf700-0xf707]
[    0.366015] pci 0000:00:1f.2: reg 1c: [io  0xf600-0xf603]
[    0.366029] pci 0000:00:1f.2: reg 20: [io  0xf500-0xf50f]
[    0.366075] pci 0000:00:1f.2: PME# supported from D3hot
[    0.366083] pci 0000:00:1f.2: PME# disabled
[    0.366106] pci 0000:00:1f.3: [8086:27da] type 0 class 0x000c05
[    0.366167] pci 0000:00:1f.3: reg 20: [io  0x0500-0x051f]
[    0.366285] pci 0000:01:00.0: [10ec:8168] type 0 class 0x000200
[    0.366309] pci 0000:01:00.0: reg 10: [io  0xde00-0xdeff]
[    0.366344] pci 0000:01:00.0: reg 18: [mem 0xfddff000-0xfddfffff 64bit]
[    0.366369] pci 0000:01:00.0: reg 20: [mem 0xfdef0000-0xfdefffff 64bit pref]
[    0.366388] pci 0000:01:00.0: reg 30: [mem 0x00000000-0x0001ffff pref]
[    0.366465] pci 0000:01:00.0: supports D1 D2
[    0.366471] pci 0000:01:00.0: PME# supported from D0 D1 D2 D3hot D3cold
[    0.366480] pci 0000:01:00.0: PME# disabled
[    0.372052] pci 0000:00:1c.0: PCI bridge to [bus 01-01]
[    0.372061] pci 0000:00:1c.0:   bridge window [io  0xd000-0xdfff]
[    0.372070] pci 0000:00:1c.0:   bridge window [mem 0xfdd00000-0xfddfffff]
[    0.372081] pci 0000:00:1c.0:   bridge window [mem 0xfde00000-0xfdefffff 64bit pref]
[    0.372160] pci 0000:00:1e.0: PCI bridge to [bus 02-02] (subtractive decode)
[    0.372168] pci 0000:00:1e.0:   bridge window [io  0xe000-0xefff]
[    0.372177] pci 0000:00:1e.0:   bridge window [mem 0xfdc00000-0xfdcfffff]
[    0.372188] pci 0000:00:1e.0:   bridge window [mem 0xfdb00000-0xfdbfffff 64bit pref]
[    0.372196] pci 0000:00:1e.0:   bridge window [io  0x0000-0x0cf7] (subtractive decode)
[    0.372207] pci 0000:00:1e.0:   bridge window [io  0x0d00-0xffff] (subtractive decode)
[    0.372214] pci 0000:00:1e.0:   bridge window [mem 0x000a0000-0x000bffff] (subtractive decode)
[    0.372222] pci 0000:00:1e.0:   bridge window [mem 0x000c0000-0x000dffff] (subtractive decode)
[    0.372229] pci 0000:00:1e.0:   bridge window [mem 0x7f700000-0xfebfffff] (subtractive decode)
[    0.372248] pci_bus 0000:00: on NUMA node 0
[    0.372257] ACPI: PCI Interrupt Routing Table [\_SB_.PCI0._PRT]
[    0.372527] ACPI: PCI Interrupt Routing Table [\_SB_.PCI0.PEX0._PRT]
[    0.372641] ACPI: PCI Interrupt Routing Table [\_SB_.PCI0.HUB0._PRT]
[    0.372810]  pci0000:00: Requesting ACPI _OSC control (0x1d)
[    0.372819]  pci0000:00: ACPI _OSC request failed (AE_NOT_FOUND), returned control mask: 0x1d
[    0.372824] ACPI _OSC control for PCIe not granted, disabling ASPM
[    0.389629] ACPI: PCI Interrupt Link [LNKA] (IRQs 3 4 5 7 9 10 *11 12 14 15)
[    0.389755] ACPI: PCI Interrupt Link [LNKB] (IRQs 3 4 5 7 9 10 11 12 14 15) *0, disabled.
[    0.389878] ACPI: PCI Interrupt Link [LNKC] (IRQs 3 4 *5 7 9 10 11 12 14 15)
[    0.389999] ACPI: PCI Interrupt Link [LNKD] (IRQs 3 4 5 7 9 10 11 12 14 *15)
[    0.390123] ACPI: PCI Interrupt Link [LNKE] (IRQs 3 4 5 7 9 10 11 12 14 15) *0, disabled.
[    0.390247] ACPI: PCI Interrupt Link [LNKF] (IRQs 3 4 5 7 9 10 11 12 14 15) *0, disabled.
[    0.390370] ACPI: PCI Interrupt Link [LNK0] (IRQs 3 4 5 7 9 10 11 12 14 15) *0, disabled.
[    0.390492] ACPI: PCI Interrupt Link [LNK1] (IRQs 3 4 5 7 9 *10 11 12 14 15)
[    0.390734] vgaarb: device added: PCI:0000:00:02.0,decodes=io+mem,owns=io+mem,locks=none
[    0.390734] vgaarb: loaded
[    0.390734] vgaarb: bridge control possible 0000:00:02.0
[    0.390734] PCI: Using ACPI for IRQ routing
[    0.398030] PCI: pci_cache_line_size set to 64 bytes
[    0.398120] reserve RAM buffer: 000000000009f400 - 000000000009ffff 
[    0.398127] reserve RAM buffer: 000000007f6e0000 - 000000007fffffff 
[    0.398554] hpet clockevent registered
[    0.398563] HPET: 3 timers in total, 0 timers will be used for per-cpu timer
[    0.398573] hpet0: at MMIO 0xfed00000, IRQs 2, 8, 0
[    0.398585] hpet0: 3 comparators, 64-bit 14.318180 MHz counter
[    0.412220] Switching to clocksource hpet
[    0.415772] pnp: PnP ACPI init
[    0.415819] ACPI: bus type pnp registered
[    0.416067] pnp 00:00: [bus 00-ff]
[    0.416075] pnp 00:00: [io  0x0cf8-0x0cff]
[    0.416082] pnp 00:00: [io  0x0000-0x0cf7 window]
[    0.416088] pnp 00:00: [io  0x0d00-0xffff window]
[    0.416095] pnp 00:00: [mem 0x000a0000-0x000bffff window]
[    0.416101] pnp 00:00: [mem 0x000c0000-0x000dffff window]
[    0.416108] pnp 00:00: [mem 0x7f700000-0xfebfffff window]
[    0.416242] pnp 00:00: Plug and Play ACPI device, IDs PNP0a08 PNP0a03 (active)
[    0.416390] pnp 00:01: [io  0x0010-0x001f]
[    0.416397] pnp 00:01: [io  0x0022-0x003f]
[    0.416403] pnp 00:01: [io  0x0044-0x005f]
[    0.416409] pnp 00:01: [io  0x0062-0x0063]
[    0.416414] pnp 00:01: [io  0x0065-0x006f]
[    0.416420] pnp 00:01: [io  0x0074-0x007f]
[    0.416425] pnp 00:01: [io  0x0091-0x0093]
[    0.416431] pnp 00:01: [io  0x00a2-0x00bf]
[    0.416436] pnp 00:01: [io  0x00e0-0x00ef]
[    0.416442] pnp 00:01: [io  0x04d0-0x04d1]
[    0.416448] pnp 00:01: [io  0x0800-0x087f]
[    0.416453] pnp 00:01: [io  0x0290-0x0297]
[    0.416459] pnp 00:01: [io  0x0880-0x088f]
[    0.416588] system 00:01: [io  0x04d0-0x04d1] has been reserved
[    0.416597] system 00:01: [io  0x0800-0x087f] has been reserved
[    0.416606] system 00:01: [io  0x0290-0x0297] has been reserved
[    0.416613] system 00:01: [io  0x0880-0x088f] has been reserved
[    0.416622] system 00:01: Plug and Play ACPI device, IDs PNP0c02 (active)
[    0.416655] pnp 00:02: [dma 4]
[    0.416661] pnp 00:02: [io  0x0000-0x000f]
[    0.416667] pnp 00:02: [io  0x0080-0x0090]
[    0.416673] pnp 00:02: [io  0x0094-0x009f]
[    0.416678] pnp 00:02: [io  0x00c0-0x00df]
[    0.416754] pnp 00:02: Plug and Play ACPI device, IDs PNP0200 (active)
[    0.416786] pnp 00:03: [io  0x0070-0x0073]
[    0.416807] pnp 00:03: [irq 8]
[    0.416880] pnp 00:03: Plug and Play ACPI device, IDs PNP0b00 (active)
[    0.416907] pnp 00:04: [io  0x0061]
[    0.416978] pnp 00:04: Plug and Play ACPI device, IDs PNP0800 (active)
[    0.417006] pnp 00:05: [io  0x00f0-0x00ff]
[    0.417019] pnp 00:05: [irq 13]
[    0.417099] pnp 00:05: Plug and Play ACPI device, IDs PNP0c04 (active)
[    0.417660] pnp 00:06: [io  0x03f8-0x03ff]
[    0.417674] pnp 00:06: [irq 4]
[    0.417832] pnp 00:06: Plug and Play ACPI device, IDs PNP0501 (active)
[    0.417937] pnp 00:07: [irq 12]
[    0.418017] pnp 00:07: Plug and Play ACPI device, IDs PNP0f13 (active)
[    0.418100] pnp 00:08: [io  0x0060]
[    0.418107] pnp 00:08: [io  0x0064]
[    0.418118] pnp 00:08: [irq 1]
[    0.418194] pnp 00:08: Plug and Play ACPI device, IDs PNP0303 (active)
[    0.418278] pnp 00:09: [io  0x0400-0x04bf]
[    0.418389] system 00:09: [io  0x0400-0x04bf] has been reserved
[    0.418398] system 00:09: Plug and Play ACPI device, IDs PNP0c02 (active)
[    0.418450] pnp 00:0a: [mem 0xffb80000-0xffbfffff]
[    0.418530] pnp 00:0a: Plug and Play ACPI device, IDs INT0800 (active)
[    0.418983] pnp 00:0b: [mem 0xe0000000-0xefffffff]
[    0.419105] system 00:0b: [mem 0xe0000000-0xefffffff] has been reserved
[    0.419114] system 00:0b: Plug and Play ACPI device, IDs PNP0c02 (active)
[    0.419299] pnp 00:0c: [mem 0x000f0000-0x000fffff]
[    0.419307] pnp 00:0c: [mem 0x7f6e0000-0x7f6fffff]
[    0.419313] pnp 00:0c: [mem 0x00000000-0x0009ffff]
[    0.419319] pnp 00:0c: [mem 0x00100000-0x7f6dffff]
[    0.419329] pnp 00:0c: [mem 0x00000000-0xffffffffffffffff disabled]
[    0.419336] pnp 00:0c: [mem 0xfec00000-0xfec00fff]
[    0.419342] pnp 00:0c: [mem 0xfed13000-0xfed1dfff]
[    0.419348] pnp 00:0c: [mem 0xfed20000-0xfed8ffff]
[    0.419354] pnp 00:0c: [mem 0xfee00000-0xfee00fff]
[    0.419360] pnp 00:0c: [mem 0xffb00000-0xffb7ffff]
[    0.419367] pnp 00:0c: [mem 0xfff00000-0xffffffff]
[    0.419373] pnp 00:0c: [mem 0x000e0000-0x000effff]
[    0.419508] system 00:0c: [mem 0x000f0000-0x000fffff] could not be reserved
[    0.419518] system 00:0c: [mem 0x7f6e0000-0x7f6fffff] could not be reserved
[    0.419526] system 00:0c: [mem 0x00000000-0x0009ffff] could not be reserved
[    0.419534] system 00:0c: [mem 0x00100000-0x7f6dffff] could not be reserved
[    0.419542] system 00:0c: [mem 0xfec00000-0xfec00fff] could not be reserved
[    0.419550] system 00:0c: [mem 0xfed13000-0xfed1dfff] has been reserved
[    0.419558] system 00:0c: [mem 0xfed20000-0xfed8ffff] has been reserved
[    0.419565] system 00:0c: [mem 0xfee00000-0xfee00fff] has been reserved
[    0.419573] system 00:0c: [mem 0xffb00000-0xffb7ffff] has been reserved
[    0.419581] system 00:0c: [mem 0xfff00000-0xffffffff] has been reserved
[    0.419589] system 00:0c: [mem 0x000e0000-0x000effff] has been reserved
[    0.419597] system 00:0c: Plug and Play ACPI device, IDs PNP0c01 (active)
[    0.419619] pnp: PnP ACPI: found 13 devices
[    0.419624] ACPI: ACPI bus type pnp unregistered
[    0.419633] PnPBIOS: Disabled by ACPI PNP
[    0.461331] PCI: max bus depth: 1 pci_try_num: 2
[    0.461376] pci 0000:01:00.0: BAR 6: assigned [mem 0xfde00000-0xfde1ffff pref]
[    0.461384] pci 0000:00:1c.0: PCI bridge to [bus 01-01]
[    0.461392] pci 0000:00:1c.0:   bridge window [io  0xd000-0xdfff]
[    0.461402] pci 0000:00:1c.0:   bridge window [mem 0xfdd00000-0xfddfffff]
[    0.461411] pci 0000:00:1c.0:   bridge window [mem 0xfde00000-0xfdefffff 64bit pref]
[    0.461422] pci 0000:00:1e.0: PCI bridge to [bus 02-02]
[    0.461429] pci 0000:00:1e.0:   bridge window [io  0xe000-0xefff]
[    0.461439] pci 0000:00:1e.0:   bridge window [mem 0xfdc00000-0xfdcfffff]
[    0.461448] pci 0000:00:1e.0:   bridge window [mem 0xfdb00000-0xfdbfffff 64bit pref]
[    0.461492] pci 0000:00:1c.0: PCI INT A -&gt; GSI 16 (level, low) -&gt; IRQ 16
[    0.461502] pci 0000:00:1c.0: setting latency timer to 64
[    0.461514] pci 0000:00:1e.0: setting latency timer to 64
[    0.461524] pci_bus 0000:00: resource 4 [io  0x0000-0x0cf7]
[    0.461531] pci_bus 0000:00: resource 5 [io  0x0d00-0xffff]
[    0.461538] pci_bus 0000:00: resource 6 [mem 0x000a0000-0x000bffff]
[    0.461544] pci_bus 0000:00: resource 7 [mem 0x000c0000-0x000dffff]
[    0.461551] pci_bus 0000:00: resource 8 [mem 0x7f700000-0xfebfffff]
[    0.461558] pci_bus 0000:01: resource 0 [io  0xd000-0xdfff]
[    0.461565] pci_bus 0000:01: resource 1 [mem 0xfdd00000-0xfddfffff]
[    0.461572] pci_bus 0000:01: resource 2 [mem 0xfde00000-0xfdefffff 64bit pref]
[    0.461579] pci_bus 0000:02: resource 0 [io  0xe000-0xefff]
[    0.461585] pci_bus 0000:02: resource 1 [mem 0xfdc00000-0xfdcfffff]
[    0.461592] pci_bus 0000:02: resource 2 [mem 0xfdb00000-0xfdbfffff 64bit pref]
[    0.461599] pci_bus 0000:02: resource 4 [io  0x0000-0x0cf7]
[    0.461606] pci_bus 0000:02: resource 5 [io  0x0d00-0xffff]
[    0.461612] pci_bus 0000:02: resource 6 [mem 0x000a0000-0x000bffff]
[    0.461619] pci_bus 0000:02: resource 7 [mem 0x000c0000-0x000dffff]
[    0.461625] pci_bus 0000:02: resource 8 [mem 0x7f700000-0xfebfffff]
[    0.461804] NET: Registered protocol family 2
[    0.461981] IP route cache hash table entries: 32768 (order: 5, 131072 bytes)
[    0.462665] TCP established hash table entries: 131072 (order: 8, 1048576 bytes)
[    0.463656] TCP bind hash table entries: 65536 (order: 7, 524288 bytes)
[    0.464187] TCP: Hash tables configured (established 131072 bind 65536)
[    0.464195] TCP reno registered
[    0.464209] UDP hash table entries: 512 (order: 2, 16384 bytes)
[    0.464229] UDP-Lite hash table entries: 512 (order: 2, 16384 bytes)
[    0.464551] NET: Registered protocol family 1
[    0.464594] pci 0000:00:02.0: Boot video device
[    0.464650] pci 0000:00:1d.0: PCI INT A -&gt; GSI 23 (level, low) -&gt; IRQ 23
[    0.464674] pci 0000:00:1d.0: PCI INT A disabled
[    0.464699] pci 0000:00:1d.1: PCI INT B -&gt; GSI 19 (level, low) -&gt; IRQ 19
[    0.464721] pci 0000:00:1d.1: PCI INT B disabled
[    0.464745] pci 0000:00:1d.2: PCI INT C -&gt; GSI 18 (level, low) -&gt; IRQ 18
[    0.464767] pci 0000:00:1d.2: PCI INT C disabled
[    0.464782] pci 0000:00:1d.3: PCI INT D -&gt; GSI 16 (level, low) -&gt; IRQ 16
[    0.464804] pci 0000:00:1d.3: PCI INT D disabled
[    0.464821] pci 0000:00:1d.7: PCI INT A -&gt; GSI 23 (level, low) -&gt; IRQ 23
[    0.464866] pci 0000:00:1d.7: PCI INT A disabled
[    0.464896] PCI: CLS 64 bytes, default 64
[    0.465035] Unpacking initramfs...
[    1.012833] Freeing initrd memory: 9692k freed
[    1.023883] audit: initializing netlink socket (disabled)
[    1.023922] type=2000 audit(1341324360.016:1): initialized
[    1.056946] highmem bounce pool size: 64 pages
[    1.056958] HugeTLB registered 2 MB page size, pre-allocated 0 pages
[    1.057419] VFS: Disk quotas dquot_6.5.2
[    1.057501] Dquot-cache hash table entries: 1024 (order 0, 4096 bytes)
[    1.057652] msgmni has been set to 1731
[    1.058086] alg: No test for stdrng (krng)
[    1.058170] Block layer SCSI generic (bsg) driver version 0.4 loaded (major 253)
[    1.058178] io scheduler noop registered
[    1.058183] io scheduler deadline registered
[    1.058230] io scheduler cfq registered (default)
[    1.058409] pcieport 0000:00:1c.0: setting latency timer to 64
[    1.058474] pcieport 0000:00:1c.0: irq 40 for MSI/MSI-X
[    1.058661] pci_hotplug: PCI Hot Plug PCI Core version: 0.5
[    1.058735] pciehp: PCI Express Hot Plug Controller Driver version: 0.4
[    1.058741] acpiphp: ACPI Hot Plug PCI Controller Driver version: 0.5
[    1.059413] intel_idle: MWAIT substates: 0x10
[    1.059438] intel_idle: v0.4 model 0x1C
[    1.059444] intel_idle: lapic_timer_reliable_states 0x2
[    1.059565] ERST: Table is not found!
[    1.059570] GHES: HEST is not enabled!
[    1.059603] isapnp: Scanning for PnP cards...
[    1.412744] isapnp: No Plug &amp; Play device found
[    1.412913] Serial: 8250/16550 driver, 4 ports, IRQ sharing enabled
[    1.433342] serial8250: ttyS0 at I/O 0x3f8 (irq = 4) is a 16550A
[    1.456873] 00:06: ttyS0 at I/O 0x3f8 (irq = 4) is a 16550A
[    1.504457] Linux agpgart interface v0.103
[    1.504667] agpgart-intel 0000:00:00.0: Intel 945G Chipset
[    1.504844] agpgart-intel 0000:00:00.0: detected gtt size: 262144K total, 262144K mappable
[    1.505053] agpgart-intel 0000:00:00.0: detected 8192K stolen memory
[    1.505308] agpgart-intel 0000:00:00.0: AGP aperture is 256M @ 0xd0000000
[    1.505708] i8042: PNP: PS/2 Controller [PNP0303:PS2K,PNP0f13:PS2M] at 0x60,0x64 irq 1,12
[    1.506162] serio: i8042 KBD port at 0x60,0x64 irq 1
[    1.506179] serio: i8042 AUX port at 0x60,0x64 irq 12
[    1.506558] mousedev: PS/2 mouse device common for all mice
[    1.506665] rtc_cmos 00:03: RTC can wake from S4
[    1.506868] rtc_cmos 00:03: rtc core: registered rtc_cmos as rtc0
[    1.506906] rtc0: alarms up to one month, 242 bytes nvram, hpet irqs
[    1.507129] cpuidle: using governor ladder
[    1.507447] cpuidle: using governor menu
[    1.508099] TCP cubic registered
[    1.508245] NET: Registered protocol family 10
[    1.509625] Mobile IPv6
[    1.509632] NET: Registered protocol family 17
[    1.509642] Registering the dns_resolver key type
[    1.509688] Using IPI No-Shortcut mode
[    1.510047] PM: Hibernation image not present or could not be loaded.
[    1.510077] registered taskstats version 1
[    1.510565] rtc_cmos 00:03: setting system clock to 2012-07-03 14:06:00 UTC (1341324360)
[    1.510673] Initializing network drop monitor service
[    1.510897] Freeing unused kernel memory: 440k freed
[    1.511315] Write protecting the kernel text: 2932k
[    1.511386] Write protecting the kernel read-only data: 1068k
[    1.511391] NX-protecting the kernel data: 3212k
[    1.523677] input: AT Translated Set 2 keyboard as /devices/platform/i8042/serio0/input/input0
[    1.697528] udev[61]: starting version 164
[    1.761008] ACPI: Fan [FAN] (on)
[    1.788567] ACPI Error: [\_SB_.PCI0.SBUS.SRDB] Namespace lookup failure, AE_NOT_FOUND (20110623/psargs-359)
[    1.788590] ACPI Error: Method parse/execution failed [\RTMP] (Node f583e920), AE_NOT_FOUND (20110623/psparse-536)
[    1.788617] ACPI Error: Method parse/execution failed [\_TZ_.THRM._TMP] (Node f583ef68), AE_NOT_FOUND (20110623/psparse-536)
[    1.796671] usbcore: registered new interface driver usbfs
[    1.796753] usbcore: registered new interface driver hub
[    1.796957] SCSI subsystem initialized
[    1.798653] r8169 Gigabit Ethernet driver 2.3LK-NAPI loaded
[    1.798730] r8169 0000:01:00.0: PCI INT A -&gt; GSI 16 (level, low) -&gt; IRQ 16
[    1.798794] r8169 0000:01:00.0: setting latency timer to 64
[    1.798887] r8169 0000:01:00.0: irq 41 for MSI/MSI-X
[    1.800655] r8169 0000:01:00.0: eth0: RTL8168c/8111c at 0xf8216000, 00:30:1b:bd:fb:1d, XID 1c4000c0 IRQ 41
[    1.800669] r8169 0000:01:00.0: eth0: jumbo features [frames: 6128 bytes, tx checksumming: ko]
[    1.810259] usbcore: registered new device driver usb
[    1.811894] ehci_hcd: USB 2.0 'Enhanced' Host Controller (EHCI) Driver
[    1.811993] ehci_hcd 0000:00:1d.7: PCI INT A -&gt; GSI 23 (level, low) -&gt; IRQ 23
[    1.812133] ehci_hcd 0000:00:1d.7: setting latency timer to 64
[    1.812144] ehci_hcd 0000:00:1d.7: EHCI Host Controller
[    1.812245] ehci_hcd 0000:00:1d.7: new USB bus registered, assigned bus number 1
[    1.812308] ehci_hcd 0000:00:1d.7: using broken periodic workaround
[    1.812331] ehci_hcd 0000:00:1d.7: debug port 1
[    1.816243] ehci_hcd 0000:00:1d.7: cache line size of 64 is not supported
[    1.816314] ehci_hcd 0000:00:1d.7: irq 23, io mem 0xfdfff000
[    1.822363] libata version 3.00 loaded.
[    1.832086] ehci_hcd 0000:00:1d.7: USB 2.0 started, EHCI 1.00
[    1.832165] usb usb1: New USB device found, idVendor=1d6b, idProduct=0002
[    1.832175] usb usb1: New USB device strings: Mfr=3, Product=2, SerialNumber=1
[    1.832184] usb usb1: Product: EHCI Host Controller
[    1.832191] usb usb1: Manufacturer: Linux 3.2.0-0.bpo.2-686-pae ehci_hcd
[    1.832199] usb usb1: SerialNumber: 0000:00:1d.7
[    1.832721] hub 1-0:1.0: USB hub found
[    1.832743] hub 1-0:1.0: 8 ports detected
[    1.833418] ata_piix 0000:00:1f.1: version 2.13
[    1.833456] ata_piix 0000:00:1f.1: PCI INT A -&gt; GSI 18 (level, low) -&gt; IRQ 18
[    1.833604] ata_piix 0000:00:1f.1: setting latency timer to 64
[    1.835210] scsi0 : ata_piix
[    1.835394] uhci_hcd: USB Universal Host Controller Interface driver
[    1.835642] scsi1 : ata_piix
[    1.836788] ata1: PATA max UDMA/100 cmd 0x1f0 ctl 0x3f6 bmdma 0xfa00 irq 14
[    1.836797] ata2: PATA max UDMA/100 cmd 0x170 ctl 0x376 bmdma 0xfa08 irq 15
[    1.836871] ata_piix 0000:00:1f.2: PCI INT B -&gt; GSI 19 (level, low) -&gt; IRQ 19
[    1.836883] ata_piix 0000:00:1f.2: MAP [ P0 P2 P1 P3 ]
[    1.837018] ata_piix 0000:00:1f.2: setting latency timer to 64
[    1.837209] ata2: port disabled--ignoring
[    1.837996] scsi2 : ata_piix
[    1.838608] scsi3 : ata_piix
[    1.839687] ata3: SATA max UDMA/133 cmd 0xf900 ctl 0xf800 bmdma 0xf500 irq 19
[    1.839696] ata4: SATA max UDMA/133 cmd 0xf700 ctl 0xf600 bmdma 0xf508 irq 19
[    1.839776] uhci_hcd 0000:00:1d.0: PCI INT A -&gt; GSI 23 (level, low) -&gt; IRQ 23
[    1.839805] uhci_hcd 0000:00:1d.0: setting latency timer to 64
[    1.839814] uhci_hcd 0000:00:1d.0: UHCI Host Controller
[    1.839867] uhci_hcd 0000:00:1d.0: new USB bus registered, assigned bus number 2
[    1.839911] uhci_hcd 0000:00:1d.0: irq 23, io base 0x0000fe00
[    1.840061] usb usb2: New USB device found, idVendor=1d6b, idProduct=0001
[    1.840070] usb usb2: New USB device strings: Mfr=3, Product=2, SerialNumber=1
[    1.840078] usb usb2: Product: UHCI Host Controller
[    1.840085] usb usb2: Manufacturer: Linux 3.2.0-0.bpo.2-686-pae uhci_hcd
[    1.840092] usb usb2: SerialNumber: 0000:00:1d.0
[    1.840500] hub 2-0:1.0: USB hub found
[    1.840513] hub 2-0:1.0: 2 ports detected
[    1.840692] uhci_hcd 0000:00:1d.1: PCI INT B -&gt; GSI 19 (level, low) -&gt; IRQ 19
[    1.840714] uhci_hcd 0000:00:1d.1: setting latency timer to 64
[    1.840721] uhci_hcd 0000:00:1d.1: UHCI Host Controller
[    1.840744] uhci_hcd 0000:00:1d.1: new USB bus registered, assigned bus number 3
[    1.840785] uhci_hcd 0000:00:1d.1: irq 19, io base 0x0000fd00
[    1.840876] usb usb3: New USB device found, idVendor=1d6b, idProduct=0001
[    1.840883] usb usb3: New USB device strings: Mfr=3, Product=2, SerialNumber=1
[    1.840889] usb usb3: Product: UHCI Host Controller
[    1.840895] usb usb3: Manufacturer: Linux 3.2.0-0.bpo.2-686-pae uhci_hcd
[    1.840900] usb usb3: SerialNumber: 0000:00:1d.1
[    1.841213] hub 3-0:1.0: USB hub found
[    1.841226] hub 3-0:1.0: 2 ports detected
[    1.841382] uhci_hcd 0000:00:1d.2: PCI INT C -&gt; GSI 18 (level, low) -&gt; IRQ 18
[    1.841398] uhci_hcd 0000:00:1d.2: setting latency timer to 64
[    1.841405] uhci_hcd 0000:00:1d.2: UHCI Host Controller
[    1.841424] uhci_hcd 0000:00:1d.2: new USB bus registered, assigned bus number 4
[    1.841492] uhci_hcd 0000:00:1d.2: irq 18, io base 0x0000fc00
[    1.841576] usb usb4: New USB device found, idVendor=1d6b, idProduct=0001
[    1.841583] usb usb4: New USB device strings: Mfr=3, Product=2, SerialNumber=1
[    1.841589] usb usb4: Product: UHCI Host Controller
[    1.841594] usb usb4: Manufacturer: Linux 3.2.0-0.bpo.2-686-pae uhci_hcd
[    1.841600] usb usb4: SerialNumber: 0000:00:1d.2
[    1.841928] hub 4-0:1.0: USB hub found
[    1.841940] hub 4-0:1.0: 2 ports detected
[    1.842092] uhci_hcd 0000:00:1d.3: PCI INT D -&gt; GSI 16 (level, low) -&gt; IRQ 16
[    1.842111] uhci_hcd 0000:00:1d.3: setting latency timer to 64
[    1.842118] uhci_hcd 0000:00:1d.3: UHCI Host Controller
[    1.842137] uhci_hcd 0000:00:1d.3: new USB bus registered, assigned bus number 5
[    1.842194] uhci_hcd 0000:00:1d.3: irq 16, io base 0x0000fb00
[    1.842277] usb usb5: New USB device found, idVendor=1d6b, idProduct=0001
[    1.842284] usb usb5: New USB device strings: Mfr=3, Product=2, SerialNumber=1
[    1.842290] usb usb5: Product: UHCI Host Controller
[    1.842296] usb usb5: Manufacturer: Linux 3.2.0-0.bpo.2-686-pae uhci_hcd
[    1.842301] usb usb5: SerialNumber: 0000:00:1d.3
[    1.842642] hub 5-0:1.0: USB hub found
[    1.842655] hub 5-0:1.0: 2 ports detected
[    2.020075] Refined TSC clocksource calibration: 1595.999 MHz.
[    2.020091] Switching to clocksource tsc
[    2.168337] RPC: Registered named UNIX socket transport module.
[    2.168345] RPC: Registered udp transport module.
[    2.168349] RPC: Registered tcp transport module.
[    2.168354] RPC: Registered tcp NFSv4.1 backchannel transport module.
[    2.172377] FS-Cache: Loaded
[    2.192409] FS-Cache: Netfs 'nfs' registered for caching
[    2.203839] r8169 0000:01:00.0: eth0: link down
[    2.203862] r8169 0000:01:00.0: eth0: link down
[    2.204276] ADDRCONF(NETDEV_UP): eth0: link is not ready
[    5.009952] r8169 0000:01:00.0: eth0: link up
[    5.010316] ADDRCONF(NETDEV_CHANGE): eth0: link becomes ready
[    7.064659] udev[238]: starting version 164
[    7.255452] input: Power Button as /devices/LNXSYSTM:00/device:00/PNP0C0C:00/input/input1
[    7.255479] ACPI: Power Button [PWRB]
[    7.255824] input: Power Button as /devices/LNXSYSTM:00/LNXPWRBN:00/input/input2
[    7.255839] ACPI: Power Button [PWRF]
[    7.364193] intel_rng: FWH not detected
[    7.376921] [drm] Initialized drm 1.1.0 20060810
[    7.423641] leds_ss4200: no LED devices found
[    7.426360] i801_smbus 0000:00:1f.3: PCI INT B -&gt; GSI 19 (level, low) -&gt; IRQ 19
[    7.435278] input: PC Speaker as /devices/platform/pcspkr/input/input3
[    7.439649] snd_hda_intel 0000:00:1b.0: PCI INT A -&gt; GSI 16 (level, low) -&gt; IRQ 16
[    7.439665] hda_intel: position_fix set to 1 for device 1297:3166
[    7.439777] snd_hda_intel 0000:00:1b.0: irq 42 for MSI/MSI-X
[    7.439849] snd_hda_intel 0000:00:1b.0: setting latency timer to 64
[    7.494980] input: HDA Intel Headphone as /devices/pci0000:00/0000:00:1b.0/sound/card1/input4
[    7.495496] i915 0000:00:02.0: PCI INT A -&gt; GSI 16 (level, low) -&gt; IRQ 16
[    7.495507] i915 0000:00:02.0: setting latency timer to 64
[    7.537724] [drm] Supports vblank timestamp caching Rev 1 (10.10.2010).
[    7.537734] [drm] Driver supports precise vblank timestamp query.
[    7.538357] vgaarb: device changed decodes: PCI:0000:00:02.0,olddecodes=io+mem,decodes=io+mem:owns=io+mem
[    7.733489] [drm] initialized overlay support
[    7.894418] fbcon: inteldrmfb (fb0) is primary device
[    8.097750] Console: switching to colour frame buffer device 240x67
[    8.121474] fb0: inteldrmfb frame buffer device
[    8.121480] drm: registered panic notifier
[    8.121562] [drm] Initialized i915 1.6.0 20080730 for 0000:00:02.0 on minor 0
[    8.234247] input: ImPS/2 Logitech Wheel Mouse as /devices/platform/i8042/serio1/input/input5
[    8.654931] device-mapper: uevent: version 1.0.3
[    8.655477] device-mapper: ioctl: 4.22.0-ioctl (2011-10-19) initialised: <A HREF="https://lists.berlios.de/mailman/listinfo/x2go-user">dm-devel at redhat.com</A>
[    8.803099] it87: Found IT8718F chip at 0x290, revision 5
[    8.803733] ACPI: resource it87 [io  0x0295-0x0296] conflicts with ACPI region IP__ [io 0x295-0x296]
[    8.803744] ACPI: If an ACPI driver is available for this device, you should use it instead of the native driver
-------------- next part --------------
[    0.000000] Initializing cgroup subsys cpuset
[    0.000000] Initializing cgroup subsys cpu
[    0.000000] Linux version 3.2.0-0.bpo.2-686-pae (Debian 3.2.20-1~bpo60+1) (<A HREF="https://lists.berlios.de/mailman/listinfo/x2go-user">debian-kernel at lists.debian.org</A>) (gcc version 4.4.5 (Debian 4.4.5-8) ) #1 SMP Sat Jun 30 08:29:17 UTC 2012
[    0.000000] Disabled fast string operations
[    0.000000] BIOS-provided physical RAM map:
[    0.000000]  BIOS-e820: 0000000000000000 - 000000000009fc00 (usable)
[    0.000000]  BIOS-e820: 000000000009fc00 - 00000000000a0000 (reserved)
[    0.000000]  BIOS-e820: 00000000000e0000 - 0000000000100000 (reserved)
[    0.000000]  BIOS-e820: 0000000000100000 - 000000007f043000 (usable)
[    0.000000]  BIOS-e820: 000000007f043000 - 000000007f087000 (ACPI NVS)
[    0.000000]  BIOS-e820: 000000007f087000 - 000000007f098000 (reserved)
[    0.000000]  BIOS-e820: 000000007f098000 - 000000007f09f000 (ACPI data)
[    0.000000]  BIOS-e820: 000000007f09f000 - 000000007f0bb000 (reserved)
[    0.000000]  BIOS-e820: 000000007f0bb000 - 000000007f0bc000 (usable)
[    0.000000]  BIOS-e820: 000000007f0bc000 - 000000007f0da000 (reserved)
[    0.000000]  BIOS-e820: 000000007f0da000 - 000000007f0dc000 (usable)
[    0.000000]  BIOS-e820: 000000007f0dc000 - 000000007f0ec000 (ACPI NVS)
[    0.000000]  BIOS-e820: 000000007f0ec000 - 000000007f112000 (reserved)
[    0.000000]  BIOS-e820: 000000007f112000 - 000000007f155000 (ACPI NVS)
[    0.000000]  BIOS-e820: 000000007f155000 - 000000007f52b000 (usable)
[    0.000000]  BIOS-e820: 000000007f52b000 - 000000007f6e5000 (reserved)
[    0.000000]  BIOS-e820: 000000007f6e5000 - 000000007f6f0000 (usable)
[    0.000000]  BIOS-e820: 000000007f6f0000 - 0000000080000000 (reserved)
[    0.000000]  BIOS-e820: 00000000e0000000 - 00000000f0000000 (reserved)
[    0.000000]  BIOS-e820: 00000000fec00000 - 00000000fec01000 (reserved)
[    0.000000]  BIOS-e820: 00000000fed00000 - 00000000fed01000 (reserved)
[    0.000000]  BIOS-e820: 00000000fed1c000 - 00000000fed90000 (reserved)
[    0.000000]  BIOS-e820: 00000000fee00000 - 00000000fee01000 (reserved)
[    0.000000]  BIOS-e820: 00000000ffe00000 - 0000000100000000 (reserved)
[    0.000000] NX (Execute Disable) protection: active
[    0.000000] DMI 2.7 present.
[    0.000000] DMI: To be filled by O.E.M. To be filled by O.E.M./XS36V, BIOS 4.6.5 03/19/2012
[    0.000000] e820 update range: 0000000000000000 - 0000000000010000 (usable) ==&gt; (reserved)
[    0.000000] e820 remove range: 00000000000a0000 - 0000000000100000 (usable)
[    0.000000] last_pfn = 0x7f6f0 max_arch_pfn = 0x1000000
[    0.000000] MTRR default type: uncachable
[    0.000000] MTRR fixed ranges enabled:
[    0.000000]   00000-9FFFF write-back
[    0.000000]   A0000-BFFFF uncachable
[    0.000000]   C0000-E7FFF write-through
[    0.000000]   E8000-FFFFF write-protect
[    0.000000] MTRR variable ranges enabled:
[    0.000000]   0 base 000000000 mask F80000000 write-back
[    0.000000]   1 base 07F700000 mask FFFF00000 write-through
[    0.000000]   2 base 07F800000 mask FFF800000 uncachable
[    0.000000]   3 disabled
[    0.000000]   4 disabled
[    0.000000]   5 disabled
[    0.000000]   6 disabled
[    0.000000] x86 PAT enabled: cpu 0, old 0x7040600070406, new 0x7010600070106
[    0.000000] found SMP MP-table at [c00fc9e0] fc9e0
[    0.000000] initial memory mapped : 0 - 01a00000
[    0.000000] Base memory trampoline at [c008e000] 8e000 size 16384
[    0.000000] init_memory_mapping: 0000000000000000-00000000379fe000
[    0.000000]  0000000000 - 0000200000 page 4k
[    0.000000]  0000200000 - 0037800000 page 2M
[    0.000000]  0037800000 - 00379fe000 page 4k
[    0.000000] kernel direct mapping tables up to 379fe000 @ 19fa000-1a00000
[    0.000000] RAMDISK: 7e6ab000 - 7f022000
[    0.000000] Allocated new RAMDISK: 37087000 - 379fd0ad
[    0.000000] Move RAMDISK from 000000007e6ab000 - 000000007f0210ac to 37087000 - 379fd0ac
[    0.000000] ACPI: RSDP 000f0450 00024 (v02 Shuttl)
[    0.000000] ACPI: XSDT 7f098078 0006C (v01 Shuttl Shuttle  01072009 AMI  00010013)
[    0.000000] ACPI: FACP 7f09dbb0 000F4 (v04 Shuttl Shuttle  01072009 AMI  00010013)
[    0.000000] ACPI: DSDT 7f098170 05A39 (v02 Shuttl XS36V000 00000000 INTL 20051117)
[    0.000000] ACPI: FACS 7f0e9f80 00040
[    0.000000] ACPI: APIC 7f09dca8 00072 (v03 Shuttl Shuttle  01072009 AMI  00010013)
[    0.000000] ACPI: MCFG 7f09dd20 0003C (v01 Shuttl  Shuttle 01072009 MSFT 00000097)
[    0.000000] ACPI: SLIC 7f09dd60 00176 (v01 Shuttl Shuttle  01072009 AMI  00010013)
[    0.000000] ACPI: HPET 7f09ded8 00038 (v01 Shuttl  Shuttle 01072009 AMI. 00000005)
[    0.000000] ACPI: SSDT 7f09df10 00655 (v01  PmRef    CpuPm 00003000 INTL 20051117)
[    0.000000] ACPI: SSDT 7f09e568 00259 (v01  PmRef  Cpu0Tst 00003000 INTL 20051117)
[    0.000000] ACPI: SSDT 7f09e7c8 0020F (v01  PmRef    ApTst 00003000 INTL 20051117)
[    0.000000] ACPI: IFEU 7f09e9d8 00042 (v01 Shuttl  Shuttle 01072009      00000000)
[    0.000000] ACPI: Local APIC address 0xfee00000
[    0.000000] 1148MB HIGHMEM available.
[    0.000000] 889MB LOWMEM available.
[    0.000000]   mapped low ram: 0 - 379fe000
[    0.000000]   low ram: 0 - 379fe000
[    0.000000] Zone PFN ranges:
[    0.000000]   DMA      0x00000010 -&gt; 0x00001000
[    0.000000]   Normal   0x00001000 -&gt; 0x000379fe
[    0.000000]   HighMem  0x000379fe -&gt; 0x0007f6f0
[    0.000000] Movable zone start PFN for each node
[    0.000000] early_node_map[6] active PFN ranges
[    0.000000]     0: 0x00000010 -&gt; 0x0000009f
[    0.000000]     0: 0x00000100 -&gt; 0x0007f043
[    0.000000]     0: 0x0007f0bb -&gt; 0x0007f0bc
[    0.000000]     0: 0x0007f0da -&gt; 0x0007f0dc
[    0.000000]     0: 0x0007f155 -&gt; 0x0007f52b
[    0.000000]     0: 0x0007f6e5 -&gt; 0x0007f6f0
[    0.000000] On node 0 totalpages: 521142
[    0.000000] free_area_init_node: node 0, pgdat c1420040, node_mem_map f6096200
[    0.000000]   DMA zone: 32 pages used for memmap
[    0.000000]   DMA zone: 0 pages reserved
[    0.000000]   DMA zone: 3951 pages, LIFO batch:0
[    0.000000]   Normal zone: 1748 pages used for memmap
[    0.000000]   Normal zone: 221994 pages, LIFO batch:31
[    0.000000]   HighMem zone: 2298 pages used for memmap
[    0.000000]   HighMem zone: 291119 pages, LIFO batch:31
[    0.000000] Using APIC driver default
[    0.000000] ACPI: PM-Timer IO Port: 0x408
[    0.000000] ACPI: Local APIC address 0xfee00000
[    0.000000] ACPI: LAPIC (acpi_id[0x01] lapic_id[0x00] enabled)
[    0.000000] ACPI: LAPIC (acpi_id[0x02] lapic_id[0x01] enabled)
[    0.000000] ACPI: LAPIC (acpi_id[0x03] lapic_id[0x02] enabled)
[    0.000000] ACPI: LAPIC (acpi_id[0x04] lapic_id[0x03] enabled)
[    0.000000] ACPI: LAPIC_NMI (acpi_id[0xff] high edge lint[0x1])
[    0.000000] ACPI: IOAPIC (id[0x04] address[0xfec00000] gsi_base[0])
[    0.000000] IOAPIC[0]: apic_id 4, version 32, address 0xfec00000, GSI 0-23
[    0.000000] ACPI: INT_SRC_OVR (bus 0 bus_irq 0 global_irq 2 dfl dfl)
[    0.000000] ACPI: INT_SRC_OVR (bus 0 bus_irq 9 global_irq 9 high level)
[    0.000000] ACPI: IRQ0 used by override.
[    0.000000] ACPI: IRQ2 used by override.
[    0.000000] ACPI: IRQ9 used by override.
[    0.000000] Using ACPI (MADT) for SMP configuration information
[    0.000000] ACPI: HPET id: 0x8086a201 base: 0xfed00000
[    0.000000] SMP: Allowing 4 CPUs, 0 hotplug CPUs
[    0.000000] nr_irqs_gsi: 40
[    0.000000] PM: Registered nosave memory: 000000000009f000 - 00000000000a0000
[    0.000000] PM: Registered nosave memory: 00000000000a0000 - 00000000000e0000
[    0.000000] PM: Registered nosave memory: 00000000000e0000 - 0000000000100000
[    0.000000] Allocating PCI resources starting at 80000000 (gap: 80000000:60000000)
[    0.000000] Booting paravirtualized kernel on bare hardware
[    0.000000] setup_percpu: NR_CPUS:32 nr_cpumask_bits:32 nr_cpu_ids:4 nr_node_ids:1
[    0.000000] PERCPU: Embedded 14 pages/cpu @f6052000 s33088 r0 d24256 u57344
[    0.000000] pcpu-alloc: s33088 r0 d24256 u57344 alloc=14*4096
[    0.000000] pcpu-alloc: [0] 0 [0] 1 [0] 2 [0] 3 
[    0.000000] Built 1 zonelists in Zone order, mobility grouping on.  Total pages: 517064
[    0.000000] Kernel command line: initrd=initrd.img nfsroot=/opt/x2gothinclient/chroot boot=nfs ro quiet  BOOT_IMAGE=vmlinuz 
[    0.000000] PID hash table entries: 4096 (order: 2, 16384 bytes)
[    0.000000] Dentry cache hash table entries: 131072 (order: 7, 524288 bytes)
[    0.000000] Inode-cache hash table entries: 65536 (order: 6, 262144 bytes)
[    0.000000] Initializing CPU#0
[    0.000000] Initializing HighMem for node 0 (000379fe:0007f6f0)
[    0.000000] Memory: 2052116k/2087872k available (2930k kernel code, 32452k reserved, 1324k data, 440k init, 1173668k highmem)
[    0.000000] virtual kernel memory layout:
[    0.000000]     fixmap  : 0xffd36000 - 0xfffff000   (2852 kB)
[    0.000000]     pkmap   : 0xffa00000 - 0xffc00000   (2048 kB)
[    0.000000]     vmalloc : 0xf81fe000 - 0xff9fe000   ( 120 MB)
[    0.000000]     lowmem  : 0xc0000000 - 0xf79fe000   ( 889 MB)
[    0.000000]       .init : 0xc1428000 - 0xc1496000   ( 440 kB)
[    0.000000]       .data : 0xc12dc86d - 0xc1427900   (1324 kB)
[    0.000000]       .text : 0xc1000000 - 0xc12dc86d   (2930 kB)
[    0.000000] Checking if this processor honours the WP bit even in supervisor mode...Ok.
[    0.000000] Hierarchical RCU implementation.
[    0.000000] 	RCU dyntick-idle grace-period acceleration is enabled.
[    0.000000] NR_IRQS:2304 nr_irqs:712 16
[    0.000000] CPU 0 irqstacks, hard=f5806000 soft=f5808000
[    0.000000] Extended CMOS year: 2000
[    0.000000] Console: colour VGA+ 80x25
[    0.000000] console [tty0] enabled
[    0.000000] hpet clockevent registered
[    0.000000] Fast TSC calibration using PIT
[    0.004000] spurious 8259A interrupt: IRQ7.
[    0.004000] Detected 2127.911 MHz processor.
[    0.000003] Calibrating delay loop (skipped), value calculated using timer frequency.. 4255.82 BogoMIPS (lpj=8511644)
[    0.000010] pid_max: default: 32768 minimum: 301
[    0.000075] Security Framework initialized
[    0.000081] AppArmor: AppArmor disabled by boot time parameter
[    0.000107] Mount-cache hash table entries: 512
[    0.000276] Initializing cgroup subsys cpuacct
[    0.000285] Initializing cgroup subsys memory
[    0.000298] Initializing cgroup subsys devices
[    0.000302] Initializing cgroup subsys freezer
[    0.000306] Initializing cgroup subsys net_cls
[    0.000310] Initializing cgroup subsys blkio
[    0.000319] Initializing cgroup subsys perf_event
[    0.000354] Disabled fast string operations
[    0.000360] CPU: Physical Processor ID: 0
[    0.000363] CPU: Processor Core ID: 0
[    0.000367] mce: CPU supports 5 MCE banks
[    0.000376] CPU0: Thermal monitoring enabled (TM1)
[    0.000381] using mwait in idle threads.
[    0.001384] ACPI: Core revision 20110623
[    0.007912] Enabling APIC mode:  Flat.  Using 1 I/O APICs
[    0.008347] ..TIMER: vector=0x30 apic1=0 pin1=2 apic2=0 pin2=0
[    0.048015] CPU0: Intel(R) Atom(TM) CPU D2700   @ 2.13GHz stepping 01
[    0.152644] Performance Events: PEBS fmt0+, generic architected perfmon, Intel PMU driver.
[    0.152656] ... version:                3
[    0.152659] ... bit width:              40
[    0.152661] ... generic registers:      2
[    0.152665] ... value mask:             000000ffffffffff
[    0.152668] ... max period:             000000007fffffff
[    0.152671] ... fixed-purpose events:   3
[    0.152674] ... event mask:             0000000700000003
[    0.153179] NMI watchdog enabled, takes one hw-pmu counter.
[    0.153439] CPU 1 irqstacks, hard=f58d4000 soft=f58d6000
[    0.153443] Booting Node   0, Processors  #1
[    0.153448] smpboot cpu 1: start_ip = 8e000
[    0.163458] Initializing CPU#1
[    0.240611] Disabled fast string operations
[    0.260766] NMI watchdog enabled, takes one hw-pmu counter.
[    0.260972] CPU 2 irqstacks, hard=f5904000 soft=f5906000
[    0.260976]  #2
[    0.260979] smpboot cpu 2: start_ip = 8e000
[    0.270924] Initializing CPU#2
[    0.348561] Disabled fast string operations
[    0.368646] NMI watchdog enabled, takes one hw-pmu counter.
[    0.368818] CPU 3 irqstacks, hard=f5916000 soft=f5918000
[    0.368822]  #3 Ok.
[    0.368825] smpboot cpu 3: start_ip = 8e000
[    0.378771] Initializing CPU#3
[    0.456512] Disabled fast string operations
[    0.476586] NMI watchdog enabled, takes one hw-pmu counter.
[    0.476622] Brought up 4 CPUs
[    0.476627] Total of 4 processors activated (17023.57 BogoMIPS).
[    0.477579] devtmpfs: initialized
[    0.477846] PM: Registering ACPI NVS region at 7f043000 (278528 bytes)
[    0.477860] PM: Registering ACPI NVS region at 7f0dc000 (65536 bytes)
[    0.477866] PM: Registering ACPI NVS region at 7f112000 (274432 bytes)
[    0.478183] print_constraints: dummy: 
[    0.478279] NET: Registered protocol family 16
[    0.478462] ACPI: bus type pci registered
[    0.478581] PCI: MMCONFIG for domain 0000 [bus 00-ff] at [mem 0xe0000000-0xefffffff] (base 0xe0000000)
[    0.478587] PCI: MMCONFIG at [mem 0xe0000000-0xefffffff] reserved in E820
[    0.478591] PCI: Using MMCONFIG for extended config space
[    0.478594] PCI: Using configuration type 1 for base access
[    0.479919] bio: create slab &lt;bio-0&gt; at 0
[    0.480082] ACPI: Added _OSI(Module Device)
[    0.480087] ACPI: Added _OSI(Processor Device)
[    0.480091] ACPI: Added _OSI(3.0 _SCP Extensions)
[    0.480095] ACPI: Added _OSI(Processor Aggregator Device)
[    0.481755] ACPI: EC: Look up EC in DSDT
[    0.483906] ACPI: Executed 1 blocks of module-level executable AML code
[    0.508519] [Firmware Bug]: ACPI: BIOS _OSI(Linux) query ignored
[    0.510784] ACPI: Interpreter enabled
[    0.510798] ACPI: (supports S0 S1 S3 S4 S5)
[    0.510838] ACPI: Using IOAPIC for interrupt routing
[    0.520535] ACPI: Power Resource [FN00] (off)
[    0.521428] ACPI: No dock devices found.
[    0.521433] HEST: Table not found.
[    0.521441] PCI: Using host bridge windows from ACPI; if necessary, use &quot;pci=nocrs&quot; and report a bug
[    0.521809] \_SB_.PCI0:_OSC invalid UUID
[    0.521813] _OSC request data:1 8 1f 
[    0.521821] ACPI: PCI Root Bridge [PCI0] (domain 0000 [bus 00-ff])
[    0.522317] pci_root PNP0A08:00: host bridge window [io  0x0000-0x0cf7]
[    0.522323] pci_root PNP0A08:00: host bridge window [io  0x0d00-0xffff]
[    0.522328] pci_root PNP0A08:00: host bridge window [mem 0x000a0000-0x000bffff]
[    0.522334] pci_root PNP0A08:00: host bridge window [mem 0x000c0000-0x000dffff]
[    0.522338] pci_root PNP0A08:00: host bridge window [mem 0x000e0000-0x000effff]
[    0.522343] pci_root PNP0A08:00: host bridge window [mem 0x000f0000-0x000fffff]
[    0.522349] pci_root PNP0A08:00: host bridge window [mem 0x7f800000-0x7fffffff]
[    0.522354] pci_root PNP0A08:00: host bridge window [mem 0x80000000-0xfebfffff]
[    0.522378] pci 0000:00:00.0: [8086:0bf3] type 0 class 0x000600
[    0.522434] pci 0000:00:02.0: [8086:0be2] type 0 class 0x000300
[    0.522449] pci 0000:00:02.0: reg 10: [mem 0xdfd00000-0xdfdfffff]
[    0.522457] pci 0000:00:02.0: reg 14: [io  0xf100-0xf107]
[    0.522573] pci 0000:00:1b.0: [8086:27d8] type 0 class 0x000403
[    0.522602] pci 0000:00:1b.0: reg 10: [mem 0xdff00000-0xdff03fff 64bit]
[    0.522729] pci 0000:00:1b.0: PME# supported from D0 D3hot D3cold
[    0.522737] pci 0000:00:1b.0: PME# disabled
[    0.522777] pci 0000:00:1c.0: [8086:27d0] type 1 class 0x000604
[    0.522910] pci 0000:00:1c.0: PME# supported from D0 D3hot D3cold
[    0.522917] pci 0000:00:1c.0: PME# disabled
[    0.522961] pci 0000:00:1c.1: [8086:27d2] type 1 class 0x000604
[    0.523094] pci 0000:00:1c.1: PME# supported from D0 D3hot D3cold
[    0.523102] pci 0000:00:1c.1: PME# disabled
[    0.523146] pci 0000:00:1c.3: [8086:27d6] type 1 class 0x000604
[    0.523280] pci 0000:00:1c.3: PME# supported from D0 D3hot D3cold
[    0.523287] pci 0000:00:1c.3: PME# disabled
[    0.523330] pci 0000:00:1d.0: [8086:27c8] type 0 class 0x000c03
[    0.523400] pci 0000:00:1d.0: reg 20: [io  0xf0a0-0xf0bf]
[    0.523455] pci 0000:00:1d.1: [8086:27c9] type 0 class 0x000c03
[    0.523522] pci 0000:00:1d.1: reg 20: [io  0xf080-0xf09f]
[    0.523578] pci 0000:00:1d.2: [8086:27ca] type 0 class 0x000c03
[    0.523647] pci 0000:00:1d.2: reg 20: [io  0xf060-0xf07f]
[    0.523702] pci 0000:00:1d.3: [8086:27cb] type 0 class 0x000c03
[    0.523771] pci 0000:00:1d.3: reg 20: [io  0xf040-0xf05f]
[    0.523841] pci 0000:00:1d.7: [8086:27cc] type 0 class 0x000c03
[    0.523871] pci 0000:00:1d.7: reg 10: [mem 0xdff05000-0xdff053ff]
[    0.523998] pci 0000:00:1d.7: PME# supported from D0 D3hot D3cold
[    0.524006] pci 0000:00:1d.7: PME# disabled
[    0.524037] pci 0000:00:1e.0: [8086:2448] type 1 class 0x000604
[    0.524154] pci 0000:00:1f.0: [8086:27bc] type 0 class 0x000601
[    0.524321] pci 0000:00:1f.2: [8086:27c1] type 0 class 0x000106
[    0.524351] pci 0000:00:1f.2: reg 10: [io  0xf0f0-0xf0f7]
[    0.524368] pci 0000:00:1f.2: reg 14: [io  0xf0e0-0xf0e3]
[    0.524384] pci 0000:00:1f.2: reg 18: [io  0xf0d0-0xf0d7]
[    0.524401] pci 0000:00:1f.2: reg 1c: [io  0xf0c0-0xf0c3]
[    0.524417] pci 0000:00:1f.2: reg 20: [io  0xf020-0xf02f]
[    0.524434] pci 0000:00:1f.2: reg 24: [mem 0xdff04000-0xdff043ff]
[    0.524513] pci 0000:00:1f.2: PME# supported from D3hot
[    0.524521] pci 0000:00:1f.2: PME# disabled
[    0.524549] pci 0000:00:1f.3: [8086:27da] type 0 class 0x000c05
[    0.524619] pci 0000:00:1f.3: reg 20: [io  0xf000-0xf01f]
[    0.524744] pci 0000:00:1c.0: PCI bridge to [bus 01-01]
[    0.524857] pci 0000:02:00.0: [197b:2382] type 0 class 0x000880
[    0.524889] pci 0000:02:00.0: reg 10: [mem 0xdfe07000-0xdfe070ff]
[    0.525143] pci 0000:02:00.2: [197b:2381] type 0 class 0x000805
[    0.525174] pci 0000:02:00.2: reg 10: [mem 0xdfe06000-0xdfe060ff]
[    0.525419] pci 0000:02:00.3: [197b:2383] type 0 class 0x000880
[    0.525449] pci 0000:02:00.3: reg 10: [mem 0xdfe05000-0xdfe050ff]
[    0.525700] pci 0000:02:00.5: [197b:0250] type 0 class 0x000200
[    0.525729] pci 0000:02:00.5: reg 10: [mem 0xdfe00000-0xdfe03fff]
[    0.525770] pci 0000:02:00.5: reg 18: [io  0xe100-0xe17f]
[    0.525793] pci 0000:02:00.5: reg 1c: [io  0xe000-0xe0ff]
[    0.525951] pci 0000:02:00.5: PME# supported from D0 D3hot D3cold
[    0.525961] pci 0000:02:00.5: PME# disabled
[    0.532505] pci 0000:00:1c.1: PCI bridge to [bus 02-02]
[    0.532514] pci 0000:00:1c.1:   bridge window [io  0xe000-0xefff]
[    0.532522] pci 0000:00:1c.1:   bridge window [mem 0xdfe00000-0xdfefffff]
[    0.532605] pci 0000:00:1c.3: PCI bridge to [bus 03-03]
[    0.532718] pci 0000:00:1e.0: PCI bridge to [bus 04-04] (subtractive decode)
[    0.532737] pci 0000:00:1e.0:   bridge window [io  0x0000-0x0cf7] (subtractive decode)
[    0.532742] pci 0000:00:1e.0:   bridge window [io  0x0d00-0xffff] (subtractive decode)
[    0.532748] pci 0000:00:1e.0:   bridge window [mem 0x000a0000-0x000bffff] (subtractive decode)
[    0.532753] pci 0000:00:1e.0:   bridge window [mem 0x000c0000-0x000dffff] (subtractive decode)
[    0.532758] pci 0000:00:1e.0:   bridge window [mem 0x000e0000-0x000effff] (subtractive decode)
[    0.532764] pci 0000:00:1e.0:   bridge window [mem 0x000f0000-0x000fffff] (subtractive decode)
[    0.532769] pci 0000:00:1e.0:   bridge window [mem 0x7f800000-0x7fffffff] (subtractive decode)
[    0.532775] pci 0000:00:1e.0:   bridge window [mem 0x80000000-0xfebfffff] (subtractive decode)
[    0.532810] pci_bus 0000:00: on NUMA node 0
[    0.532816] ACPI: PCI Interrupt Routing Table [\_SB_.PCI0._PRT]
[    0.533025] ACPI: PCI Interrupt Routing Table [\_SB_.PCI0.RP01._PRT]
[    0.533098] ACPI: PCI Interrupt Routing Table [\_SB_.PCI0.RP02._PRT]
[    0.533175] ACPI: PCI Interrupt Routing Table [\_SB_.PCI0.RP04._PRT]
[    0.533335] \_SB_.PCI0:_OSC invalid UUID
[    0.533339] _OSC request data:1 1f 1f 
[    0.533347]  pci0000:00: Requesting ACPI _OSC control (0x1d)
[    0.533421] \_SB_.PCI0:_OSC invalid UUID
[    0.533424] _OSC request data:1 0 1d 
[    0.533432]  pci0000:00: ACPI _OSC request failed (AE_ERROR), returned control mask: 0x1d
[    0.533435] ACPI _OSC control for PCIe not granted, disabling ASPM
[    0.540207] ACPI: PCI Interrupt Link [LNKA] (IRQs 1 3 4 5 6 7 10 12 14 15) *11
[    0.540311] ACPI: PCI Interrupt Link [LNKB] (IRQs 1 3 4 *5 6 7 11 12 14 15)
[    0.540410] ACPI: PCI Interrupt Link [LNKC] (IRQs 1 3 4 5 6 *7 10 12 14 15)
[    0.540518] ACPI: PCI Interrupt Link [LNKD] (IRQs 1 3 4 5 6 7 *11 12 14 15)
[    0.540618] ACPI: PCI Interrupt Link [LNKE] (IRQs 1 3 4 5 6 7 10 12 14 15) *0, disabled.
[    0.540721] ACPI: PCI Interrupt Link [LNKF] (IRQs 1 3 4 5 6 7 11 12 14 15) *0, disabled.
[    0.540821] ACPI: PCI Interrupt Link [LNKG] (IRQs 1 3 4 5 6 7 *10 12 14 15)
[    0.540919] ACPI: PCI Interrupt Link [LNKH] (IRQs 1 3 4 5 6 7 11 12 14 15) *10
[    0.541129] vgaarb: device added: PCI:0000:00:02.0,decodes=io+mem,owns=io+mem,locks=none
[    0.541144] vgaarb: loaded
[    0.541147] vgaarb: bridge control possible 0000:00:02.0
[    0.541224] PCI: Using ACPI for IRQ routing
[    0.553993] PCI: pci_cache_line_size set to 64 bytes
[    0.554108] reserve RAM buffer: 000000000009fc00 - 000000000009ffff 
[    0.554114] reserve RAM buffer: 000000007f043000 - 000000007fffffff 
[    0.554122] reserve RAM buffer: 000000007f0bc000 - 000000007fffffff 
[    0.554129] reserve RAM buffer: 000000007f0dc000 - 000000007fffffff 
[    0.554135] reserve RAM buffer: 000000007f52b000 - 000000007fffffff 
[    0.554140] reserve RAM buffer: 000000007f6f0000 - 000000007fffffff 
[    0.554343] hpet0: at MMIO 0xfed00000, IRQs 2, 8, 0
[    0.554352] hpet0: 3 comparators, 64-bit 14.318180 MHz counter
[    0.556380] Switching to clocksource hpet
[    0.559080] pnp: PnP ACPI init
[    0.559110] ACPI: bus type pnp registered
[    0.559393] pnp 00:00: [bus 00-ff]
[    0.559399] pnp 00:00: [io  0x0000-0x0cf7 window]
[    0.559403] pnp 00:00: [io  0x0cf8-0x0cff]
[    0.559408] pnp 00:00: [io  0x0d00-0xffff window]
[    0.559413] pnp 00:00: [mem 0x000a0000-0x000bffff window]
[    0.559417] pnp 00:00: [mem 0x000c0000-0x000dffff window]
[    0.559422] pnp 00:00: [mem 0x000e0000-0x000effff window]
[    0.559429] pnp 00:00: [mem 0x000f0000-0x000fffff window]
[    0.559434] pnp 00:00: [mem 0x7f800000-0x7fffffff window]
[    0.559439] pnp 00:00: [mem 0x80000000-0xfebfffff window]
[    0.559546] pnp 00:00: Plug and Play ACPI device, IDs PNP0a08 PNP0a03 (active)
[    0.559579] pnp 00:01: [io  0x0000-0x001f]
[    0.559584] pnp 00:01: [io  0x0081-0x0091]
[    0.559588] pnp 00:01: [io  0x0093-0x009f]
[    0.559592] pnp 00:01: [io  0x00c0-0x00df]
[    0.559596] pnp 00:01: [dma 4]
[    0.559648] pnp 00:01: Plug and Play ACPI device, IDs PNP0200 (active)
[    0.559667] pnp 00:02: [mem 0xff000000-0xffffffff]
[    0.559715] pnp 00:02: Plug and Play ACPI device, IDs INT0800 (active)
[    0.559841] pnp 00:03: [mem 0xfed00000-0xfed003ff]
[    0.559924] system 00:03: [mem 0xfed00000-0xfed003ff] has been reserved
[    0.559931] system 00:03: Plug and Play ACPI device, IDs PNP0103 PNP0c01 (active)
[    0.559954] pnp 00:04: [io  0x00f0]
[    0.559971] pnp 00:04: [irq 13]
[    0.560024] pnp 00:04: Plug and Play ACPI device, IDs PNP0c04 (active)
[    0.560050] pnp 00:05: [io  0x002e-0x002f]
[    0.560055] pnp 00:05: [io  0x004e-0x004f]
[    0.560059] pnp 00:05: [io  0x0061]
[    0.560062] pnp 00:05: [io  0x0063]
[    0.560066] pnp 00:05: [io  0x0065]
[    0.560070] pnp 00:05: [io  0x0067]
[    0.560074] pnp 00:05: [io  0x0070]
[    0.560078] pnp 00:05: [io  0x0080]
[    0.560081] pnp 00:05: [io  0x0092]
[    0.560085] pnp 00:05: [io  0x00b2-0x00b3]
[    0.560089] pnp 00:05: [io  0x0680-0x069f]
[    0.560094] pnp 00:05: [io  0x1000-0x100f]
[    0.560098] pnp 00:05: [io  0xffff]
[    0.560101] pnp 00:05: [io  0xffff]
[    0.560105] pnp 00:05: [io  0x0400-0x047f]
[    0.560109] pnp 00:05: [io  0x0500-0x057f]
[    0.560114] pnp 00:05: [io  0x0600-0x061f]
[    0.560201] system 00:05: [io  0x0680-0x069f] has been reserved
[    0.560207] system 00:05: [io  0x1000-0x100f] has been reserved
[    0.560212] system 00:05: [io  0xffff] has been reserved
[    0.560217] system 00:05: [io  0xffff] has been reserved
[    0.560223] system 00:05: [io  0x0400-0x047f] has been reserved
[    0.560228] system 00:05: [io  0x0500-0x057f] has been reserved
[    0.560233] system 00:05: [io  0x0600-0x061f] has been reserved
[    0.560239] system 00:05: Plug and Play ACPI device, IDs PNP0c02 (active)
[    0.560289] pnp 00:06: [io  0x06a0-0x06af]
[    0.560293] pnp 00:06: [io  0x06b0-0x06ef]
[    0.560370] system 00:06: [io  0x06a0-0x06af] has been reserved
[    0.560402] system 00:06: [io  0x06b0-0x06ef] has been reserved
[    0.560408] system 00:06: Plug and Play ACPI device, IDs PNP0c02 (active)
[    0.560428] pnp 00:07: [io  0x0070-0x0077]
[    0.560439] pnp 00:07: [irq 8]
[    0.560491] pnp 00:07: Plug and Play ACPI device, IDs PNP0b00 (active)
[    0.560673] pnp 00:08: [io  0x0000-0xffffffffffffffff disabled]
[    0.560678] pnp 00:08: [io  0x0000-0xffffffffffffffff disabled]
[    0.560683] pnp 00:08: [io  0x0a00-0x0a0f]
[    0.560687] pnp 00:08: [io  0x0a10-0x0a1f]
[    0.560692] pnp 00:08: [io  0x0000-0xffffffffffffffff disabled]
[    0.560697] pnp 00:08: [io  0x0000-0xffffffffffffffff disabled]
[    0.560782] system 00:08: [io  0x0a00-0x0a0f] has been reserved
[    0.560787] system 00:08: [io  0x0a10-0x0a1f] has been reserved
[    0.560794] system 00:08: Plug and Play ACPI device, IDs PNP0c02 (active)
[    0.561114] pnp 00:09: [io  0x03f8-0x03ff]
[    0.561125] pnp 00:09: [irq 4]
[    0.561129] pnp 00:09: [dma 0 disabled]
[    0.561256] pnp 00:09: Plug and Play ACPI device, IDs PNP0501 (active)
[    0.561736] pnp 00:0a: [io  0x02f8-0x02ff]
[    0.561745] pnp 00:0a: [irq 3]
[    0.561749] pnp 00:0a: [dma 0 disabled]
[    0.561867] pnp 00:0a: Plug and Play ACPI device, IDs PNP0501 (active)
[    0.561914] pnp 00:0b: [io  0x0010-0x001f]
[    0.561918] pnp 00:0b: [io  0x0022-0x003f]
[    0.561922] pnp 00:0b: [io  0x0044-0x005f]
[    0.561926] pnp 00:0b: [io  0x0062-0x0063]
[    0.561931] pnp 00:0b: [io  0x0065-0x006f]
[    0.561935] pnp 00:0b: [io  0x0072-0x007f]
[    0.561939] pnp 00:0b: [io  0x0080]
[    0.561943] pnp 00:0b: [io  0x0084-0x0086]
[    0.561946] pnp 00:0b: [io  0x0088]
[    0.561950] pnp 00:0b: [io  0x008c-0x008e]
[    0.561954] pnp 00:0b: [io  0x0090-0x009f]
[    0.561958] pnp 00:0b: [io  0x00a2-0x00bf]
[    0.561963] pnp 00:0b: [io  0x00e0-0x00ef]
[    0.561967] pnp 00:0b: [io  0x04d0-0x04d1]
[    0.562056] system 00:0b: [io  0x04d0-0x04d1] has been reserved
[    0.562062] system 00:0b: Plug and Play ACPI device, IDs PNP0c02 (active)
[    0.562282] pnp 00:0c: [mem 0xfed1c000-0xfed1ffff]
[    0.562287] pnp 00:0c: [mem 0x00000000-0x00003fff]
[    0.562292] pnp 00:0c: [mem 0x00000000-0x00000fff]
[    0.562296] pnp 00:0c: [mem 0x00000000-0x00000fff]
[    0.562301] pnp 00:0c: [mem 0x00000000-0xffffffffffffffff disabled]
[    0.562306] pnp 00:0c: [mem 0xfed45000-0xfed8ffff]
[    0.562400] system 00:0c: [mem 0xfed1c000-0xfed1ffff] has been reserved
[    0.562406] system 00:0c: [mem 0x00000000-0x00003fff] could not be reserved
[    0.562412] system 00:0c: [mem 0x00000000-0x00000fff] could not be reserved
[    0.562417] system 00:0c: [mem 0x00000000-0x00000fff] could not be reserved
[    0.562423] system 00:0c: [mem 0xfed45000-0xfed8ffff] has been reserved
[    0.562429] system 00:0c: Plug and Play ACPI device, IDs PNP0c02 (active)
[    0.562737] pnp 00:0d: [mem 0xfed14000-0xfed19fff]
[    0.562743] pnp 00:0d: [mem 0xe0000000-0xefffffff]
[    0.562845] system 00:0d: [mem 0xfed14000-0xfed19fff] has been reserved
[    0.562851] system 00:0d: [mem 0xe0000000-0xefffffff] has been reserved
[    0.562857] system 00:0d: Plug and Play ACPI device, IDs PNP0c01 (active)
[    0.562876] pnp 00:0e: [mem 0xff000000-0xffffffff]
[    0.562952] pnp 00:0e: Plug and Play ACPI device, IDs INT0800 (active)
[    0.563185] pnp 00:0f: [io  0x0400-0x047f]
[    0.563192] pnp 00:0f: [io  0x0500-0x053f]
[    0.563196] pnp 00:0f: [mem 0xfec00000-0xfec00fff]
[    0.563201] pnp 00:0f: [mem 0xfee00000-0xfee00fff]
[    0.563205] pnp 00:0f: [mem 0xfed1c000-0xfed1ffff]
[    0.563210] pnp 00:0f: [mem 0xfed20000-0xfed8ffff]
[    0.563214] pnp 00:0f: [mem 0xffe00000-0xffffffff]
[    0.563321] system 00:0f: [io  0x0400-0x047f] has been reserved
[    0.563327] system 00:0f: [io  0x0500-0x053f] has been reserved
[    0.563334] system 00:0f: [mem 0xfec00000-0xfec00fff] could not be reserved
[    0.563340] system 00:0f: [mem 0xfee00000-0xfee00fff] has been reserved
[    0.563345] system 00:0f: [mem 0xfed1c000-0xfed1ffff] has been reserved
[    0.563351] system 00:0f: [mem 0xfed20000-0xfed8ffff] could not be reserved
[    0.563357] system 00:0f: [mem 0xffe00000-0xffffffff] has been reserved
[    0.563363] system 00:0f: Plug and Play ACPI device, IDs PNP0c02 (active)
[    0.563371] pnp: PnP ACPI: found 16 devices
[    0.563374] ACPI: ACPI bus type pnp unregistered
[    0.563379] PnPBIOS: Disabled by ACPI PNP
[    0.603361] PCI: max bus depth: 1 pci_try_num: 2
[    0.603432] pci 0000:00:1c.3: BAR 14: assigned [mem 0x80000000-0x801fffff]
[    0.603442] pci 0000:00:1c.3: BAR 15: assigned [mem 0x80200000-0x803fffff 64bit pref]
[    0.603452] pci 0000:00:1c.3: BAR 13: assigned [io  0x2000-0x2fff]
[    0.603461] pci 0000:00:1c.1: BAR 15: assigned [mem 0x80400000-0x805fffff 64bit pref]
[    0.603469] pci 0000:00:1c.0: BAR 14: assigned [mem 0x80600000-0x807fffff]
[    0.603478] pci 0000:00:1c.0: BAR 15: assigned [mem 0x80800000-0x809fffff 64bit pref]
[    0.603486] pci 0000:00:1c.0: BAR 13: assigned [io  0x3000-0x3fff]
[    0.603492] pci 0000:00:1c.0: PCI bridge to [bus 01-01]
[    0.603498] pci 0000:00:1c.0:   bridge window [io  0x3000-0x3fff]
[    0.603508] pci 0000:00:1c.0:   bridge window [mem 0x80600000-0x807fffff]
[    0.603517] pci 0000:00:1c.0:   bridge window [mem 0x80800000-0x809fffff 64bit pref]
[    0.603529] pci 0000:00:1c.1: PCI bridge to [bus 02-02]
[    0.603535] pci 0000:00:1c.1:   bridge window [io  0xe000-0xefff]
[    0.603545] pci 0000:00:1c.1:   bridge window [mem 0xdfe00000-0xdfefffff]
[    0.603553] pci 0000:00:1c.1:   bridge window [mem 0x80400000-0x805fffff 64bit pref]
[    0.603565] pci 0000:00:1c.3: PCI bridge to [bus 03-03]
[    0.603571] pci 0000:00:1c.3:   bridge window [io  0x2000-0x2fff]
[    0.603581] pci 0000:00:1c.3:   bridge window [mem 0x80000000-0x801fffff]
[    0.603589] pci 0000:00:1c.3:   bridge window [mem 0x80200000-0x803fffff 64bit pref]
[    0.603601] pci 0000:00:1e.0: PCI bridge to [bus 04-04]
[    0.603645] pci 0000:00:1c.0: PCI INT A -&gt; GSI 16 (level, low) -&gt; IRQ 16
[    0.603654] pci 0000:00:1c.0: setting latency timer to 64
[    0.603672] pci 0000:00:1c.1: PCI INT B -&gt; GSI 17 (level, low) -&gt; IRQ 17
[    0.603680] pci 0000:00:1c.1: setting latency timer to 64
[    0.603697] pci 0000:00:1c.3: PCI INT D -&gt; GSI 19 (level, low) -&gt; IRQ 19
[    0.603705] pci 0000:00:1c.3: setting latency timer to 64
[    0.603717] pci 0000:00:1e.0: setting latency timer to 64
[    0.603724] pci_bus 0000:00: resource 4 [io  0x0000-0x0cf7]
[    0.603729] pci_bus 0000:00: resource 5 [io  0x0d00-0xffff]
[    0.603734] pci_bus 0000:00: resource 6 [mem 0x000a0000-0x000bffff]
[    0.603739] pci_bus 0000:00: resource 7 [mem 0x000c0000-0x000dffff]
[    0.603743] pci_bus 0000:00: resource 8 [mem 0x000e0000-0x000effff]
[    0.603748] pci_bus 0000:00: resource 9 [mem 0x000f0000-0x000fffff]
[    0.603753] pci_bus 0000:00: resource 10 [mem 0x7f800000-0x7fffffff]
[    0.603758] pci_bus 0000:00: resource 11 [mem 0x80000000-0xfebfffff]
[    0.603763] pci_bus 0000:01: resource 0 [io  0x3000-0x3fff]
[    0.603768] pci_bus 0000:01: resource 1 [mem 0x80600000-0x807fffff]
[    0.603773] pci_bus 0000:01: resource 2 [mem 0x80800000-0x809fffff 64bit pref]
[    0.603778] pci_bus 0000:02: resource 0 [io  0xe000-0xefff]
[    0.603783] pci_bus 0000:02: resource 1 [mem 0xdfe00000-0xdfefffff]
[    0.603788] pci_bus 0000:02: resource 2 [mem 0x80400000-0x805fffff 64bit pref]
[    0.603794] pci_bus 0000:03: resource 0 [io  0x2000-0x2fff]
[    0.603798] pci_bus 0000:03: resource 1 [mem 0x80000000-0x801fffff]
[    0.603803] pci_bus 0000:03: resource 2 [mem 0x80200000-0x803fffff 64bit pref]
[    0.603809] pci_bus 0000:04: resource 4 [io  0x0000-0x0cf7]
[    0.603813] pci_bus 0000:04: resource 5 [io  0x0d00-0xffff]
[    0.603818] pci_bus 0000:04: resource 6 [mem 0x000a0000-0x000bffff]
[    0.603823] pci_bus 0000:04: resource 7 [mem 0x000c0000-0x000dffff]
[    0.603828] pci_bus 0000:04: resource 8 [mem 0x000e0000-0x000effff]
[    0.603832] pci_bus 0000:04: resource 9 [mem 0x000f0000-0x000fffff]
[    0.603837] pci_bus 0000:04: resource 10 [mem 0x7f800000-0x7fffffff]
[    0.603842] pci_bus 0000:04: resource 11 [mem 0x80000000-0xfebfffff]
[    0.603975] NET: Registered protocol family 2
[    0.604102] IP route cache hash table entries: 32768 (order: 5, 131072 bytes)
[    0.604619] TCP established hash table entries: 131072 (order: 8, 1048576 bytes)
[    0.605333] TCP bind hash table entries: 65536 (order: 7, 524288 bytes)
[    0.605681] TCP: Hash tables configured (established 131072 bind 65536)
[    0.605686] TCP reno registered
[    0.605693] UDP hash table entries: 512 (order: 2, 16384 bytes)
[    0.605709] UDP-Lite hash table entries: 512 (order: 2, 16384 bytes)
[    0.605926] NET: Registered protocol family 1
[    0.605955] pci 0000:00:02.0: Boot video device
[    0.606003] pci 0000:00:1d.0: PCI INT A -&gt; GSI 23 (level, low) -&gt; IRQ 23
[    0.606030] pci 0000:00:1d.0: PCI INT A disabled
[    0.606043] pci 0000:00:1d.1: PCI INT B -&gt; GSI 19 (level, low) -&gt; IRQ 19
[    0.606067] pci 0000:00:1d.1: PCI INT B disabled
[    0.606085] pci 0000:00:1d.2: PCI INT C -&gt; GSI 18 (level, low) -&gt; IRQ 18
[    0.606109] pci 0000:00:1d.2: PCI INT C disabled
[    0.606121] pci 0000:00:1d.3: PCI INT D -&gt; GSI 16 (level, low) -&gt; IRQ 16
[    0.606145] pci 0000:00:1d.3: PCI INT D disabled
[    0.606159] pci 0000:00:1d.7: PCI INT A -&gt; GSI 23 (level, low) -&gt; IRQ 23
[    0.606301] pci 0000:00:1d.7: PCI INT A disabled
[    0.606338] PCI: CLS 64 bytes, default 64
[    0.606437] Unpacking initramfs...
[    1.009380] Freeing initrd memory: 9692k freed
[    1.017562] audit: initializing netlink socket (disabled)
[    1.017589] type=2000 audit(1231437805.860:1): initialized
[    1.041578] highmem bounce pool size: 64 pages
[    1.041586] HugeTLB registered 2 MB page size, pre-allocated 0 pages
[    1.048595] VFS: Disk quotas dquot_6.5.2
[    1.048657] Dquot-cache hash table entries: 1024 (order 0, 4096 bytes)
[    1.048772] msgmni has been set to 1734
[    1.049069] alg: No test for stdrng (krng)
[    1.049130] Block layer SCSI generic (bsg) driver version 0.4 loaded (major 253)
[    1.049136] io scheduler noop registered
[    1.049140] io scheduler deadline registered
[    1.049173] io scheduler cfq registered (default)
[    1.049317] pcieport 0000:00:1c.0: setting latency timer to 64
[    1.049395] pcieport 0000:00:1c.0: irq 40 for MSI/MSI-X
[    1.049518] pcieport 0000:00:1c.1: setting latency timer to 64
[    1.049588] pcieport 0000:00:1c.1: irq 41 for MSI/MSI-X
[    1.049701] pcieport 0000:00:1c.3: setting latency timer to 64
[    1.049769] pcieport 0000:00:1c.3: irq 42 for MSI/MSI-X
[    1.049935] pci_hotplug: PCI Hot Plug PCI Core version: 0.5
[    1.049991] pciehp: PCI Express Hot Plug Controller Driver version: 0.4
[    1.049995] acpiphp: ACPI Hot Plug PCI Controller Driver version: 0.5
[    1.050303] acpiphp: Slot [1] registered
[    1.050518] intel_idle: MWAIT substates: 0x10
[    1.050522] intel_idle: does not run on family 6 model 54
[    1.050563] ERST: Table is not found!
[    1.050566] GHES: HEST is not enabled!
[    1.050591] isapnp: Scanning for PnP cards...
[    1.404392] isapnp: No Plug &amp; Play device found
[    1.404512] Serial: 8250/16550 driver, 4 ports, IRQ sharing enabled
[    1.425644] serial8250: ttyS0 at I/O 0x3f8 (irq = 4) is a 16550A
[    1.446866] serial8250: ttyS1 at I/O 0x2f8 (irq = 3) is a 16550A
[    1.468611] 00:09: ttyS0 at I/O 0x3f8 (irq = 4) is a 16550A
[    1.533153] 00:0a: ttyS1 at I/O 0x2f8 (irq = 3) is a 16550A
[    1.580440] Linux agpgart interface v0.103
[    1.580847] i8042: PNP: No PS/2 controller found. Probing ports directly.
[    1.581766] i8042: No controller found
[    1.581981] mousedev: PS/2 mouse device common for all mice
[    1.582066] rtc_cmos 00:07: RTC can wake from S4
[    1.582269] rtc_cmos 00:07: rtc core: registered rtc_cmos as rtc0
[    1.582313] rtc0: alarms up to one month, y3k, 242 bytes nvram, hpet irqs
[    1.582336] cpuidle: using governor ladder
[    1.582339] cpuidle: using governor menu
[    1.582791] TCP cubic registered
[    1.582895] NET: Registered protocol family 10
[    1.583858] Mobile IPv6
[    1.583863] NET: Registered protocol family 17
[    1.583870] Registering the dns_resolver key type
[    1.583903] Using IPI No-Shortcut mode
[    1.584134] PM: Hibernation image not present or could not be loaded.
[    1.584151] registered taskstats version 1
[    1.588023] rtc_cmos 00:07: setting system clock to 2009-01-08 18:03:27 UTC (1231437807)
[    1.588179] Initializing network drop monitor service
[    1.588351] Freeing unused kernel memory: 440k freed
[    1.588586] Write protecting the kernel text: 2932k
[    1.588635] Write protecting the kernel read-only data: 1068k
[    1.588639] NX-protecting the kernel data: 3212k
[    1.725354] udev[59]: starting version 164
[    1.770404] ACPI: Fan [FAN0] (off)
[    1.789006] jme: JMicron JMC2XX ethernet driver version 1.0.8
[    1.789064] jme 0000:02:00.5: PCI INT A -&gt; GSI 17 (level, low) -&gt; IRQ 17
[    1.789085] jme 0000:02:00.5: setting latency timer to 64
[    1.791051] jme 0000:02:00.5: eth0: JMC250 Gigabit Ethernet chiprev:23 pcirev:3 macaddr:80:ee:73:36:f0:8c
[    1.792699] sdhci: Secure Digital Host Controller Interface driver
[    1.792705] sdhci: Copyright(c) Pierre Ossman
[    1.793464] sdhci-pci 0000:02:00.0: SDHCI controller found [197b:2382] (rev 80)
[    1.793500] sdhci-pci 0000:02:00.0: PCI INT B -&gt; GSI 18 (level, low) -&gt; IRQ 18
[    1.793571] sdhci-pci 0000:02:00.0: setting latency timer to 64
[    1.793614] mmc0: no vmmc regulator found
[    1.793705] Registered led device: mmc0::
[    1.794814] mmc0: SDHCI controller on PCI [0000:02:00.0] using ADMA
[    1.794860] sdhci-pci 0000:02:00.2: SDHCI controller found [197b:2381] (rev 80)
[    1.794890] sdhci-pci 0000:02:00.2: PCI INT B -&gt; GSI 18 (level, low) -&gt; IRQ 18
[    1.794908] sdhci-pci 0000:02:00.2: Refusing to bind to secondary interface.
[    1.794923] sdhci-pci 0000:02:00.2: PCI INT B disabled
[    1.802614] thermal LNXTHERM:00: registered as thermal_zone0
[    1.802622] ACPI: Thermal Zone [TZ01] (27 C)
[    1.804970] usbcore: registered new interface driver usbfs
[    1.805030] usbcore: registered new interface driver hub
[    1.813361] usbcore: registered new device driver usb
[    1.815525] ehci_hcd: USB 2.0 'Enhanced' Host Controller (EHCI) Driver
[    1.815582] ehci_hcd 0000:00:1d.7: PCI INT A -&gt; GSI 23 (level, low) -&gt; IRQ 23
[    1.815620] ehci_hcd 0000:00:1d.7: setting latency timer to 64
[    1.815628] ehci_hcd 0000:00:1d.7: EHCI Host Controller
[    1.815685] ehci_hcd 0000:00:1d.7: new USB bus registered, assigned bus number 1
[    1.815729] ehci_hcd 0000:00:1d.7: using broken periodic workaround
[    1.815751] ehci_hcd 0000:00:1d.7: debug port 1
[    1.819662] ehci_hcd 0000:00:1d.7: cache line size of 64 is not supported
[    1.819709] ehci_hcd 0000:00:1d.7: irq 23, io mem 0xdff05000
[    1.825081] SCSI subsystem initialized
[    1.831924] ehci_hcd 0000:00:1d.7: USB 2.0 started, EHCI 1.00
[    1.831974] usb usb1: New USB device found, idVendor=1d6b, idProduct=0002
[    1.831982] usb usb1: New USB device strings: Mfr=3, Product=2, SerialNumber=1
[    1.831988] usb usb1: Product: EHCI Host Controller
[    1.831993] usb usb1: Manufacturer: Linux 3.2.0-0.bpo.2-686-pae ehci_hcd
[    1.831999] usb usb1: SerialNumber: 0000:00:1d.7
[    1.832310] hub 1-0:1.0: USB hub found
[    1.832323] hub 1-0:1.0: 8 ports detected
[    1.833151] libata version 3.00 loaded.
[    1.834288] uhci_hcd: USB Universal Host Controller Interface driver
[    1.834370] uhci_hcd 0000:00:1d.0: PCI INT A -&gt; GSI 23 (level, low) -&gt; IRQ 23
[    1.834392] uhci_hcd 0000:00:1d.0: setting latency timer to 64
[    1.834401] uhci_hcd 0000:00:1d.0: UHCI Host Controller
[    1.834431] uhci_hcd 0000:00:1d.0: new USB bus registered, assigned bus number 2
[    1.834484] uhci_hcd 0000:00:1d.0: irq 23, io base 0x0000f0a0
[    1.834580] usb usb2: New USB device found, idVendor=1d6b, idProduct=0001
[    1.834587] usb usb2: New USB device strings: Mfr=3, Product=2, SerialNumber=1
[    1.834593] usb usb2: Product: UHCI Host Controller
[    1.834598] usb usb2: Manufacturer: Linux 3.2.0-0.bpo.2-686-pae uhci_hcd
[    1.834603] usb usb2: SerialNumber: 0000:00:1d.0
[    1.834958] hub 2-0:1.0: USB hub found
[    1.834971] hub 2-0:1.0: 2 ports detected
[    1.835134] ahci 0000:00:1f.2: version 3.0
[    1.835157] ahci 0000:00:1f.2: PCI INT B -&gt; GSI 19 (level, low) -&gt; IRQ 19
[    1.835234] ahci 0000:00:1f.2: irq 43 for MSI/MSI-X
[    1.835329] ahci: SSS flag set, parallel bus scan disabled
[    1.835380] ahci 0000:00:1f.2: AHCI 0001.0100 32 slots 4 ports 3 Gbps 0x3 impl SATA mode
[    1.835387] ahci 0000:00:1f.2: flags: 64bit ncq stag pm led clo pio slum part 
[    1.835395] ahci 0000:00:1f.2: setting latency timer to 64
[    1.836711] scsi0 : ahci
[    1.836911] scsi1 : ahci
[    1.839002] scsi2 : ahci
[    1.840167] scsi3 : ahci
[    1.840292] ata1: SATA max UDMA/133 abar <A HREF="https://lists.berlios.de/mailman/listinfo/x2go-user">m1024 at 0xdff04000</A> port 0xdff04100 irq 43
[    1.840300] ata2: SATA max UDMA/133 abar <A HREF="https://lists.berlios.de/mailman/listinfo/x2go-user">m1024 at 0xdff04000</A> port 0xdff04180 irq 43
[    1.840304] ata3: DUMMY
[    1.840307] ata4: DUMMY
[    1.840378] uhci_hcd 0000:00:1d.1: PCI INT B -&gt; GSI 19 (level, low) -&gt; IRQ 19
[    1.840417] uhci_hcd 0000:00:1d.1: setting latency timer to 64
[    1.840426] uhci_hcd 0000:00:1d.1: UHCI Host Controller
[    1.840454] uhci_hcd 0000:00:1d.1: new USB bus registered, assigned bus number 3
[    1.840529] uhci_hcd 0000:00:1d.1: irq 19, io base 0x0000f080
[    1.840604] usb usb3: New USB device found, idVendor=1d6b, idProduct=0001
[    1.840610] usb usb3: New USB device strings: Mfr=3, Product=2, SerialNumber=1
[    1.840614] usb usb3: Product: UHCI Host Controller
[    1.840618] usb usb3: Manufacturer: Linux 3.2.0-0.bpo.2-686-pae uhci_hcd
[    1.840622] usb usb3: SerialNumber: 0000:00:1d.1
[    1.840845] hub 3-0:1.0: USB hub found
[    1.840854] hub 3-0:1.0: 2 ports detected
[    1.840986] uhci_hcd 0000:00:1d.2: PCI INT C -&gt; GSI 18 (level, low) -&gt; IRQ 18
[    1.841000] uhci_hcd 0000:00:1d.2: setting latency timer to 64
[    1.841007] uhci_hcd 0000:00:1d.2: UHCI Host Controller
[    1.841021] uhci_hcd 0000:00:1d.2: new USB bus registered, assigned bus number 4
[    1.841061] uhci_hcd 0000:00:1d.2: irq 18, io base 0x0000f060
[    1.841125] usb usb4: New USB device found, idVendor=1d6b, idProduct=0001
[    1.841130] usb usb4: New USB device strings: Mfr=3, Product=2, SerialNumber=1
[    1.841135] usb usb4: Product: UHCI Host Controller
[    1.841138] usb usb4: Manufacturer: Linux 3.2.0-0.bpo.2-686-pae uhci_hcd
[    1.841143] usb usb4: SerialNumber: 0000:00:1d.2
[    1.841350] hub 4-0:1.0: USB hub found
[    1.841358] hub 4-0:1.0: 2 ports detected
[    1.841473] uhci_hcd 0000:00:1d.3: PCI INT D -&gt; GSI 16 (level, low) -&gt; IRQ 16
[    1.841487] uhci_hcd 0000:00:1d.3: setting latency timer to 64
[    1.841492] uhci_hcd 0000:00:1d.3: UHCI Host Controller
[    1.841506] uhci_hcd 0000:00:1d.3: new USB bus registered, assigned bus number 5
[    1.841559] uhci_hcd 0000:00:1d.3: irq 16, io base 0x0000f040
[    1.841625] usb usb5: New USB device found, idVendor=1d6b, idProduct=0001
[    1.841630] usb usb5: New USB device strings: Mfr=3, Product=2, SerialNumber=1
[    1.841634] usb usb5: Product: UHCI Host Controller
[    1.841638] usb usb5: Manufacturer: Linux 3.2.0-0.bpo.2-686-pae uhci_hcd
[    1.841642] usb usb5: SerialNumber: 0000:00:1d.3
[    1.841849] hub 5-0:1.0: USB hub found
[    1.841856] hub 5-0:1.0: 2 ports detected
[    2.015788] Refined TSC clocksource calibration: 2127.999 MHz.
[    2.015797] Switching to clocksource tsc
[    2.159734] ata1: SATA link down (SStatus 0 SControl 300)
[    2.383626] usb 2-1: new low-speed USB device number 2 using uhci_hcd
[    2.479596] ata2: SATA link down (SStatus 0 SControl 300)
[    2.560264] usb 2-1: New USB device found, idVendor=046d, idProduct=c03e
[    2.560272] usb 2-1: New USB device strings: Mfr=1, Product=2, SerialNumber=0
[    2.560277] usb 2-1: Product: USB-PS/2 Optical Mouse
[    2.560280] usb 2-1: Manufacturer: Logitech
[    2.581632] input: Logitech USB-PS/2 Optical Mouse as /devices/pci0000:00/0000:00:1d.0/usb2/2-1/2-1:1.0/input/input0
[    2.581841] generic-usb 0003:046D:C03E.0001: input,hidraw0: USB HID v1.10 Mouse [Logitech USB-PS/2 Optical Mouse] on usb-0000:00:1d.0-1/input0
[    2.581892] usbcore: registered new interface driver usbhid
[    2.581897] usbhid: USB HID core driver
[    2.627445] RPC: Registered named UNIX socket transport module.
[    2.627451] RPC: Registered udp transport module.
[    2.627454] RPC: Registered tcp transport module.
[    2.627457] RPC: Registered tcp NFSv4.1 backchannel transport module.
[    2.630426] FS-Cache: Loaded
[    2.645296] FS-Cache: Netfs 'nfs' registered for caching
[    2.651060] jme 0000:02:00.5: irq 44 for MSI/MSI-X
[    2.651148] jme 0000:02:00.5: eth0: Link is down
[    2.676240] jme 0000:02:00.5: eth0: Link is down
[    2.676557] ADDRCONF(NETDEV_UP): eth0: link is not ready
[    2.799446] usb 5-2: new low-speed USB device number 2 using uhci_hcd
[    2.977147] usb 5-2: New USB device found, idVendor=0603, idProduct=00f2
[    2.977153] usb 5-2: New USB device strings: Mfr=1, Product=2, SerialNumber=0
[    2.977157] usb 5-2: Product: USB Keyboard
[    2.977161] usb 5-2: Manufacturer: NOVATEK
[    2.995603] input: NOVATEK USB Keyboard as /devices/pci0000:00/0000:00:1d.3/usb5/5-2/5-2:1.0/input/input1
[    2.995724] generic-usb 0003:0603:00F2.0002: input,hidraw1: USB HID v1.10 Keyboard [NOVATEK USB Keyboard] on usb-0000:00:1d.3-2/input0
[    3.031565] input: NOVATEK USB Keyboard as /devices/pci0000:00/0000:00:1d.3/usb5/5-2/5-2:1.1/input/input2
[    3.031956] generic-usb 0003:0603:00F2.0003: input,hiddev0,hidraw2: USB HID v1.10 Device [NOVATEK USB Keyboard] on usb-0000:00:1d.3-2/input1
[    5.093765] jme 0000:02:00.5: eth0: Link is up at ANed: 1000 Mbps, Full-Duplex, MDI-X
[    5.094631] ADDRCONF(NETDEV_CHANGE): eth0: link becomes ready
[    6.249630] udev[268]: starting version 164
[    6.452487] input: Power Button as /devices/LNXSYSTM:00/device:00/PNP0C0C:00/input/input3
[    6.452501] ACPI: Power Button [PWRB]
[    6.452677] input: Sleep Button as /devices/LNXSYSTM:00/device:00/PNP0C0E:00/input/input4
[    6.452687] ACPI: Sleep Button [SLPB]
[    6.452858] input: Power Button as /devices/LNXSYSTM:00/LNXPWRBN:00/input/input5
[    6.452869] ACPI: Power Button [PWRF]
[    6.478941] jmb38x_ms 0000:02:00.3: PCI INT B -&gt; GSI 18 (level, low) -&gt; IRQ 18
[    6.478953] jmb38x_ms 0000:02:00.3: setting latency timer to 64
[    6.520985] i801_smbus 0000:00:1f.3: PCI INT B -&gt; GSI 19 (level, low) -&gt; IRQ 19
[    6.523422] input: PC Speaker as /devices/platform/pcspkr/input/input6
[    6.559982] snd_hda_intel 0000:00:1b.0: PCI INT A -&gt; GSI 22 (level, low) -&gt; IRQ 22
[    6.560092] snd_hda_intel 0000:00:1b.0: irq 45 for MSI/MSI-X
[    6.560149] snd_hda_intel 0000:00:1b.0: setting latency timer to 64
[    6.610320] input: HDA Digital PCBeep as /devices/pci0000:00/0000:00:1b.0/input/input7
[    6.631448] input: HDA Intel Mic as /devices/pci0000:00/0000:00:1b.0/sound/card1/input8
[    6.631678] input: HDA Intel Headphone as /devices/pci0000:00/0000:00:1b.0/sound/card1/input9
[    7.027697] device-mapper: uevent: version 1.0.3
[    7.028059] device-mapper: ioctl: 4.22.0-ioctl (2011-10-19) initialised: <A HREF="https://lists.berlios.de/mailman/listinfo/x2go-user">dm-devel at redhat.com</A>
[    7.115188] coretemp coretemp.0: Unable to read TjMax from CPU 0
[    7.115224] coretemp coretemp.0: Unable to read TjMax from CPU 2
-------------- next part --------------
[20120625142344910]
speed=3
pack=16m-jpeg
quality=9
fstunnel=true
export=
iconvto=UTF-8
iconvfrom=ISO8859-1
useiconv=false
fullscreen=true
multidisp=true
display=1
width=1680
height=1050
dpi=96
setdpi=true
xinerama=true
usekbd=false
layout=ch
type=pc105/ch
sound=true
soundsystem=pulse
startsoundsystem=true
soundtunnel=true
defsndport=true
sndport=4713
print=false
name=X2Go.bitzi-bendel.ch
icon=:icons/128x128/x2gosession.png
host=172.16.2.15
user=
key=
sshport=22
autologin=false
krblogin=false
rootless=false
published=false
applications=WWWBROWSER, MAILCLIENT, OFFICE, TERMINAL
command=GNOME
rdpoptions=
rdpserver=
xdmcpserver=localhost
-------------- next part --------------
ii  pinentry-x2go                                 0.7.5.5-0~x2go1+squeeze~heuler~20120625~34~build1         Qt4-based PIN or pass-phrase entry dialog for x2goclient
ii  x2go-keyring                                  2012.04.18+squeeze~heuler~20120418~13~build1              GnuPG keys of X2go developers
ii  x2gocdmanager                                 1.0.1.7-0~x2go1+squeeze~heuler~20120316~312~build1        clientside daemon enabling automatic CD-Rom mounting
ii  x2goclient                                    3.99.2.2-0~x2go1+squeeze~heuler~20120611~233~build1       X2Go Client application (Qt4)
ii  x2gosmartcardrules                            1.0.1.7-0~x2go1+squeeze~heuler~20120316~312~build1        UDEV rules for smartcard readers
ii  x2gothinclient                                1.0.1.7-0~x2go1+squeeze~heuler~20120316~312~build1        login daemon starting x2goclient in displaymanager mode
ii  x2gousbmount                                  1.0.1.7-0~x2go1+squeeze~heuler~20120316~312~build1        clientside usb mass-storage device mounting
-------------- next part --------------

X.Org X Server 1.7.7
Release Date: 2010-05-04
X Protocol Version 11, Revision 0
Build Operating System: Linux 2.6.32-5-amd64 i686 Debian
Current Operating System: Linux x2gothinclient 3.2.0-0.bpo.2-686-pae #1 SMP Sat Jun 30 08:29:17 UTC 2012 i686
Kernel command line: initrd=initrd.img nfsroot=/opt/x2gothinclient/chroot boot=nfs ro quiet  BOOT_IMAGE=vmlinuz 
Build Date: 30 October 2011  08:56:49PM
xorg-server 2:1.7.7-14 (Julien Cristau &lt;<A HREF="https://lists.berlios.de/mailman/listinfo/x2go-user">jcristau at debian.org</A>&gt;) 
Current version of pixman: 0.16.4
	Before reporting problems, check <A HREF="http://wiki.x.org">http://wiki.x.org</A>
	to make sure that you have the latest version.
Markers: (--) probed, (**) from config file, (==) default setting,
	(++) from command line, (!!) notice, (II) informational,
	(WW) warning, (EE) error, (NI) not implemented, (??) unknown.
(==) Log file: &quot;/var/log/Xorg.0.log&quot;, Time: Tue Jul  3 13:48:34 2012
(==) Using system config directory &quot;/usr/share/X11/xorg.conf.d&quot;
(==) No Layout section.  Using the first Screen section.
(==) No screen section available. Using defaults.
(**) |--&gt;Screen &quot;Default Screen Section&quot; (0)
(**) |   |--&gt;Monitor &quot;&lt;default monitor&gt;&quot;
(==) No monitor specified for screen &quot;Default Screen Section&quot;.
	Using a default monitor configuration.
(==) Automatically adding devices
(==) Automatically enabling devices
(WW) The directory &quot;/usr/share/fonts/X11/cyrillic&quot; does not exist.
	Entry deleted from font path.
(WW) The directory &quot;/usr/share/fonts/X11/100dpi/&quot; does not exist.
	Entry deleted from font path.
(WW) The directory &quot;/usr/share/fonts/X11/75dpi/&quot; does not exist.
	Entry deleted from font path.
(WW) The directory &quot;/usr/share/fonts/X11/Type1&quot; does not exist.
	Entry deleted from font path.
(WW) The directory &quot;/usr/share/fonts/X11/100dpi&quot; does not exist.
	Entry deleted from font path.
(WW) The directory &quot;/usr/share/fonts/X11/75dpi&quot; does not exist.
	Entry deleted from font path.
(WW) `fonts.dir' not found (or not valid) in &quot;/var/lib/defoma/x-ttcidfont-conf.d/dirs/TrueType&quot;.
	Entry deleted from font path.
	(Run 'mkfontdir' on &quot;/var/lib/defoma/x-ttcidfont-conf.d/dirs/TrueType&quot;).
(==) FontPath set to:
	/usr/share/fonts/X11/misc,
	built-ins
(==) ModulePath set to &quot;/usr/lib/xorg/modules&quot;
(II) The server relies on udev to provide the list of input devices.
	If no devices become available, reconfigure udev or disable AutoAddDevices.
(II) Loader magic: 0x81ecce0
(II) Module ABI versions:
	X.Org ANSI C Emulation: 0.4
	X.Org Video Driver: 6.0
	X.Org XInput driver : 7.0
	X.Org Server Extension : 2.0
(--) using VT number 7

(WW) xf86OpenConsole: setpgid failed: Operation not permitted
(--) PCI:*(0:0:2:0) 8086:2772:1297:3166 Intel Corporation 82945G/GZ Integrated Graphics Controller rev 2, Mem @ 0xfdf00000/524288, 0xd0000000/268435456, 0xfdf80000/262144, I/O @ 0x0000ff00/8
(II) Open ACPI successful (/var/run/acpid.socket)
(II) LoadModule: &quot;extmod&quot;
(II) Loading /usr/lib/xorg/modules/extensions/libextmod.so
(II) Module extmod: vendor=&quot;X.Org Foundation&quot;
	compiled for 1.7.7, module version = 1.0.0
	Module class: X.Org Server Extension
	ABI class: X.Org Server Extension, version 2.0
(II) Loading extension SELinux
(II) Loading extension MIT-SCREEN-SAVER
(II) Loading extension XFree86-VidModeExtension
(II) Loading extension XFree86-DGA
(II) Loading extension DPMS
(II) Loading extension XVideo
(II) Loading extension XVideo-MotionCompensation
(II) Loading extension X-Resource
(II) LoadModule: &quot;dbe&quot;
(II) Loading /usr/lib/xorg/modules/extensions/libdbe.so
(II) Module dbe: vendor=&quot;X.Org Foundation&quot;
	compiled for 1.7.7, module version = 1.0.0
	Module class: X.Org Server Extension
	ABI class: X.Org Server Extension, version 2.0
(II) Loading extension DOUBLE-BUFFER
(II) LoadModule: &quot;glx&quot;
(II) Loading /usr/lib/xorg/modules/extensions/libglx.so
(II) Module glx: vendor=&quot;X.Org Foundation&quot;
	compiled for 1.7.7, module version = 1.0.0
	ABI class: X.Org Server Extension, version 2.0
(==) AIGLX enabled
(II) Loading extension GLX
(II) LoadModule: &quot;record&quot;
(II) Loading /usr/lib/xorg/modules/extensions/librecord.so
(II) Module record: vendor=&quot;X.Org Foundation&quot;
	compiled for 1.7.7, module version = 1.13.0
	Module class: X.Org Server Extension
	ABI class: X.Org Server Extension, version 2.0
(II) Loading extension RECORD
(II) LoadModule: &quot;dri&quot;
(II) Loading /usr/lib/xorg/modules/extensions/libdri.so
(II) Module dri: vendor=&quot;X.Org Foundation&quot;
	compiled for 1.7.7, module version = 1.0.0
	ABI class: X.Org Server Extension, version 2.0
(II) Loading extension XFree86-DRI
(II) LoadModule: &quot;dri2&quot;
(II) Loading /usr/lib/xorg/modules/extensions/libdri2.so
(II) Module dri2: vendor=&quot;X.Org Foundation&quot;
	compiled for 1.7.7, module version = 1.1.0
	ABI class: X.Org Server Extension, version 2.0
(II) Loading extension DRI2
(==) Matched intel as autoconfigured driver 0
(==) Matched vesa as autoconfigured driver 1
(==) Matched fbdev as autoconfigured driver 2
(==) Assigned the driver to the xf86ConfigLayout
(II) LoadModule: &quot;intel&quot;
(II) Loading /usr/lib/xorg/modules/drivers/intel_drv.so
(II) Module intel: vendor=&quot;X.Org Foundation&quot;
	compiled for 1.7.7, module version = 2.13.0
	Module class: X.Org Video Driver
	ABI class: X.Org Video Driver, version 6.0
(II) LoadModule: &quot;vesa&quot;
(II) Loading /usr/lib/xorg/modules/drivers/vesa_drv.so
(II) Module vesa: vendor=&quot;X.Org Foundation&quot;
	compiled for 1.7.7, module version = 2.3.0
	Module class: X.Org Video Driver
	ABI class: X.Org Video Driver, version 6.0
(II) LoadModule: &quot;fbdev&quot;
(II) Loading /usr/lib/xorg/modules/drivers/fbdev_drv.so
